[debug] [2026-06-05T11:54:43.768Z] [Firebase Plugin] Activating Firebase extension.
[debug] [2026-06-05T11:54:45.835Z] [Firebase Plugin] requireAuthWrapper
[debug] [2026-06-05T11:54:45.836Z] > command requires scopes: ["email","openid","https://www.googleapis.com/auth/cloudplatformprojects.readonly","https://www.googleapis.com/auth/firebase","https://www.googleapis.com/auth/cloud-platform"]
[debug] [2026-06-05T11:54:45.836Z] > authorizing via signed-in user (apaladario@gmail.com)
[debug] [2026-06-05T11:54:45.837Z] Checked if tokens are valid: false, expires at: 1780651030057
[debug] [2026-06-05T11:54:45.837Z] Checked if tokens are valid: false, expires at: 1780651030057
[debug] [2026-06-05T11:54:45.837Z] > refreshing access token with scopes: []
[debug] [2026-06-05T11:54:45.838Z] >>> [apiv2][query] POST https://www.googleapis.com/oauth2/v3/token [none]
[debug] [2026-06-05T11:54:45.838Z] >>> [apiv2][body] POST https://www.googleapis.com/oauth2/v3/token [omitted]
[debug] [2026-06-05T11:54:45.841Z] [Firebase Plugin] VSCode notification server listening on port 40001
[info] [Firebase Plugin] Starting SQL Connect toolkit (version 3.4.10) on port 50001
[debug] [2026-06-05T11:54:46.307Z] 'fdc build' failed with error: Unable to build your SQL Connect schema and connectors (exit code 1): E0605 14:54:46.306269   54261 cmd.go:43] Error loading data connect config: could not find dataconnect.yaml in `/Users/raulgm/Developer/Zoem/Zoem/dataconnect`
 {"metadata":{"emulator":{"name":"dataconnect"},"message":"'fdc build' failed with error: Unable to build your SQL Connect schema and connectors (exit code 1): E0605 14:54:46.306269   54261 cmd.go:43] Error loading data connect config: could not find dataconnect.yaml in `/Users/raulgm/Developer/Zoem/Zoem/dataconnect`\n"}}
[debug] [2026-06-05T11:54:46.307Z] Ignoring unsupported arg: auto_download {"metadata":{"emulator":{"name":"dataconnect"},"message":"Ignoring unsupported arg: auto_download"}}
[debug] [2026-06-05T11:54:46.307Z] Ignoring unsupported arg: port {"metadata":{"emulator":{"name":"dataconnect"},"message":"Ignoring unsupported arg: port"}}
[debug] [2026-06-05T11:54:46.307Z] Starting SQL Connect Emulator with command {"binary":"/Users/raulgm/.cache/firebase/emulators/dataconnect-emulator-3.4.10","args":["--logtostderr","-v=2","dev","--listen=localhost:50001","--config_dir=/Users/raulgm/Developer/Zoem/Zoem/dataconnect","--enable_output_schema_extensions=true","--enable_output_generated_sdk=true"],"optionalArgs":["listen","config_dir","enable_output_schema_extensions","enable_output_generated_sdk"],"joinArgs":true,"shell":false,"port":9399} {"metadata":{"emulator":{"name":"dataconnect"},"message":"Starting SQL Connect Emulator with command {\"binary\":\"/Users/raulgm/.cache/firebase/emulators/dataconnect-emulator-3.4.10\",\"args\":[\"--logtostderr\",\"-v=2\",\"dev\",\"--listen=localhost:50001\",\"--config_dir=/Users/raulgm/Developer/Zoem/Zoem/dataconnect\",\"--enable_output_schema_extensions=true\",\"--enable_output_generated_sdk=true\"],\"optionalArgs\":[\"listen\",\"config_dir\",\"enable_output_schema_extensions\",\"enable_output_generated_sdk\"],\"joinArgs\":true,\"shell\":false,\"port\":9399}"}}
[info] i  dataconnect: SQL Connect Emulator logging to dataconnect-debug.log {"metadata":{"emulator":{"name":"dataconnect"},"message":"SQL Connect Emulator logging to dataconnect-debug.log"}}
[debug] [2026-06-05T11:54:46.423Z] E0605 14:54:46.388252   54308 dev.go:83] Failed to load initial config from "/Users/raulgm/Developer/Zoem/Zoem/dataconnect": could not find dataconnect.yaml in `/Users/raulgm/Developer/Zoem/Zoem/dataconnect`
E0605 14:54:46.389956   54308 watch.go:116] watchAllDir unable to walk dir `/Users/raulgm/Developer/Zoem/Zoem/dataconnect`: lstat /Users/raulgm/Developer/Zoem/Zoem/dataconnect: no such file or directory
I0605 14:54:46.391215   54308 dev.go:104] Listening on address (HTTP + gRPC): 127.0.0.1:50001
 {"metadata":{"emulator":{"name":"dataconnect"},"message":"E0605 14:54:46.388252   54308 dev.go:83] Failed to load initial config from \"/Users/raulgm/Developer/Zoem/Zoem/dataconnect\": could not find dataconnect.yaml in `/Users/raulgm/Developer/Zoem/Zoem/dataconnect`\nE0605 14:54:46.389956   54308 watch.go:116] watchAllDir unable to walk dir `/Users/raulgm/Developer/Zoem/Zoem/dataconnect`: lstat /Users/raulgm/Developer/Zoem/Zoem/dataconnect: no such file or directory\nI0605 14:54:46.391215   54308 dev.go:104] Listening on address (HTTP + gRPC): 127.0.0.1:50001\n"}}
[debug] [2026-06-05T11:54:46.480Z] <<< [apiv2][status] POST https://www.googleapis.com/oauth2/v3/token 200
[debug] [2026-06-05T11:54:46.481Z] <<< [apiv2][body] POST https://www.googleapis.com/oauth2/v3/token [omitted]
[debug] [2026-06-05T11:54:46.491Z] [Firebase Plugin] User found:  apaladario@gmail.com
[info] [Firebase Plugin] (Core:Project) New user detected, fetching projects
[debug] [2026-06-05T11:54:46.492Z] Checked if tokens are valid: true, expires at: 1780664085481
[debug] [2026-06-05T11:54:46.492Z] >>> [apiv2][query] GET https://firebase.googleapis.com/v1beta1/projects pageSize=1000
[error] [Firebase Plugin] error:  {}
[debug] [2026-06-05T11:54:47.465Z] <<< [apiv2][status] GET https://firebase.googleapis.com/v1beta1/projects 200
[debug] [2026-06-05T11:54:47.465Z] <<< [apiv2][body] GET https://firebase.googleapis.com/v1beta1/projects [omitted]
[debug] [2026-06-05T11:54:56.392Z] E0605 14:54:56.392112   54308 watch.go:40] Failed to load config from "/Users/raulgm/Developer/Zoem/Zoem/dataconnect": could not find dataconnect.yaml in `/Users/raulgm/Developer/Zoem/Zoem/dataconnect`
 {"metadata":{"emulator":{"name":"dataconnect"},"message":"E0605 14:54:56.392112   54308 watch.go:40] Failed to load config from \"/Users/raulgm/Developer/Zoem/Zoem/dataconnect\": could not find dataconnect.yaml in `/Users/raulgm/Developer/Zoem/Zoem/dataconnect`\n"}}
[debug] [2026-06-05T11:55:06.391Z] E0605 14:55:06.390945   54308 watch.go:40] Failed to load config from "/Users/raulgm/Developer/Zoem/Zoem/dataconnect": could not find dataconnect.yaml in `/Users/raulgm/Developer/Zoem/Zoem/dataconnect`
 {"metadata":{"emulator":{"name":"dataconnect"},"message":"E0605 14:55:06.390945   54308 watch.go:40] Failed to load config from \"/Users/raulgm/Developer/Zoem/Zoem/dataconnect\": could not find dataconnect.yaml in `/Users/raulgm/Developer/Zoem/Zoem/dataconnect`\n"}}
[debug] [2026-06-05T11:55:16.391Z] E0605 14:55:16.390760   54308 watch.go:40] Failed to load config from "/Users/raulgm/Developer/Zoem/Zoem/dataconnect": could not find dataconnect.yaml in `/Users/raulgm/Developer/Zoem/Zoem/dataconnect`
 {"metadata":{"emulator":{"name":"dataconnect"},"message":"E0605 14:55:16.390760   54308 watch.go:40] Failed to load config from \"/Users/raulgm/Developer/Zoem/Zoem/dataconnect\": could not find dataconnect.yaml in `/Users/raulgm/Developer/Zoem/Zoem/dataconnect`\n"}}
[info] [Firebase Plugin] Stopping SQL Connect toolkit
[warn] ⚠  SQL Connect Emulator has exited upon receiving signal: SIGINT 
[debug] [2026-06-05T11:55:32.914Z] [Firebase Plugin] Activating Firebase extension.
[debug] [2026-06-05T11:55:34.933Z] [Firebase Plugin] requireAuthWrapper
[debug] [2026-06-05T11:55:34.933Z] > command requires scopes: ["email","openid","https://www.googleapis.com/auth/cloudplatformprojects.readonly","https://www.googleapis.com/auth/firebase","https://www.googleapis.com/auth/cloud-platform"]
[debug] [2026-06-05T11:55:34.933Z] > authorizing via signed-in user (apaladario@gmail.com)
[debug] [2026-06-05T11:55:34.935Z] Checked if tokens are valid: true, expires at: 1780664085481
[debug] [2026-06-05T11:55:34.935Z] Checked if tokens are valid: true, expires at: 1780664085481
[debug] [2026-06-05T11:55:34.935Z] [Firebase Plugin] User found:  apaladario@gmail.com
[info] [Firebase Plugin] (Core:Project) New user detected, fetching projects
[debug] [2026-06-05T11:55:34.935Z] Checked if tokens are valid: true, expires at: 1780664085481
[debug] [2026-06-05T11:55:34.935Z] >>> [apiv2][query] GET https://firebase.googleapis.com/v1beta1/projects pageSize=1000
[debug] [2026-06-05T11:55:34.938Z] [Firebase Plugin] VSCode notification server listening on port 40001
[info] [Firebase Plugin] Starting SQL Connect toolkit (version 3.4.10) on port 50001
[debug] [2026-06-05T11:55:35.209Z] 'fdc build' failed with error: Unable to build your SQL Connect schema and connectors (exit code 1): E0605 14:55:35.208419   55303 cmd.go:43] Error loading data connect config: could not find dataconnect.yaml in `/Users/raulgm/Developer/Zoem/Zoem/dataconnect`
 {"metadata":{"emulator":{"name":"dataconnect"},"message":"'fdc build' failed with error: Unable to build your SQL Connect schema and connectors (exit code 1): E0605 14:55:35.208419   55303 cmd.go:43] Error loading data connect config: could not find dataconnect.yaml in `/Users/raulgm/Developer/Zoem/Zoem/dataconnect`\n"}}
[debug] [2026-06-05T11:55:35.210Z] Ignoring unsupported arg: auto_download {"metadata":{"emulator":{"name":"dataconnect"},"message":"Ignoring unsupported arg: auto_download"}}
[debug] [2026-06-05T11:55:35.210Z] Ignoring unsupported arg: port {"metadata":{"emulator":{"name":"dataconnect"},"message":"Ignoring unsupported arg: port"}}
[debug] [2026-06-05T11:55:35.210Z] Starting SQL Connect Emulator with command {"binary":"/Users/raulgm/.cache/firebase/emulators/dataconnect-emulator-3.4.10","args":["--logtostderr","-v=2","dev","--listen=localhost:50001","--config_dir=/Users/raulgm/Developer/Zoem/Zoem/dataconnect","--enable_output_schema_extensions=true","--enable_output_generated_sdk=true"],"optionalArgs":["listen","config_dir","enable_output_schema_extensions","enable_output_generated_sdk"],"joinArgs":true,"shell":false,"port":9399} {"metadata":{"emulator":{"name":"dataconnect"},"message":"Starting SQL Connect Emulator with command {\"binary\":\"/Users/raulgm/.cache/firebase/emulators/dataconnect-emulator-3.4.10\",\"args\":[\"--logtostderr\",\"-v=2\",\"dev\",\"--listen=localhost:50001\",\"--config_dir=/Users/raulgm/Developer/Zoem/Zoem/dataconnect\",\"--enable_output_schema_extensions=true\",\"--enable_output_generated_sdk=true\"],\"optionalArgs\":[\"listen\",\"config_dir\",\"enable_output_schema_extensions\",\"enable_output_generated_sdk\"],\"joinArgs\":true,\"shell\":false,\"port\":9399}"}}
[info] i  dataconnect: SQL Connect Emulator logging to dataconnect-debug.log {"metadata":{"emulator":{"name":"dataconnect"},"message":"SQL Connect Emulator logging to dataconnect-debug.log"}}
[debug] [2026-06-05T11:55:35.256Z] E0605 14:55:35.254045   55312 dev.go:83] Failed to load initial config from "/Users/raulgm/Developer/Zoem/Zoem/dataconnect": could not find dataconnect.yaml in `/Users/raulgm/Developer/Zoem/Zoem/dataconnect`
E0605 14:55:35.255113   55312 watch.go:116] watchAllDir unable to walk dir `/Users/raulgm/Developer/Zoem/Zoem/dataconnect`: lstat /Users/raulgm/Developer/Zoem/Zoem/dataconnect: no such file or directory
I0605 14:55:35.255315   55312 dev.go:104] Listening on address (HTTP + gRPC): 127.0.0.1:50001
 {"metadata":{"emulator":{"name":"dataconnect"},"message":"E0605 14:55:35.254045   55312 dev.go:83] Failed to load initial config from \"/Users/raulgm/Developer/Zoem/Zoem/dataconnect\": could not find dataconnect.yaml in `/Users/raulgm/Developer/Zoem/Zoem/dataconnect`\nE0605 14:55:35.255113   55312 watch.go:116] watchAllDir unable to walk dir `/Users/raulgm/Developer/Zoem/Zoem/dataconnect`: lstat /Users/raulgm/Developer/Zoem/Zoem/dataconnect: no such file or directory\nI0605 14:55:35.255315   55312 dev.go:104] Listening on address (HTTP + gRPC): 127.0.0.1:50001\n"}}
[error] [Firebase Plugin] error:  {}
[debug] [2026-06-05T11:55:35.746Z] <<< [apiv2][status] GET https://firebase.googleapis.com/v1beta1/projects 200
[debug] [2026-06-05T11:55:35.746Z] <<< [apiv2][body] GET https://firebase.googleapis.com/v1beta1/projects [omitted]
[debug] [2026-06-05T11:55:45.256Z] E0605 14:55:45.256367   55312 watch.go:40] Failed to load config from "/Users/raulgm/Developer/Zoem/Zoem/dataconnect": could not find dataconnect.yaml in `/Users/raulgm/Developer/Zoem/Zoem/dataconnect`
 {"metadata":{"emulator":{"name":"dataconnect"},"message":"E0605 14:55:45.256367   55312 watch.go:40] Failed to load config from \"/Users/raulgm/Developer/Zoem/Zoem/dataconnect\": could not find dataconnect.yaml in `/Users/raulgm/Developer/Zoem/Zoem/dataconnect`\n"}}
[debug] [2026-06-05T11:55:55.256Z] E0605 14:55:55.256122   55312 watch.go:40] Failed to load config from "/Users/raulgm/Developer/Zoem/Zoem/dataconnect": could not find dataconnect.yaml in `/Users/raulgm/Developer/Zoem/Zoem/dataconnect`
 {"metadata":{"emulator":{"name":"dataconnect"},"message":"E0605 14:55:55.256122   55312 watch.go:40] Failed to load config from \"/Users/raulgm/Developer/Zoem/Zoem/dataconnect\": could not find dataconnect.yaml in `/Users/raulgm/Developer/Zoem/Zoem/dataconnect`\n"}}
[debug] [2026-06-05T11:56:05.256Z] E0605 14:56:05.255946   55312 watch.go:40] Failed to load config from "/Users/raulgm/Developer/Zoem/Zoem/dataconnect": could not find dataconnect.yaml in `/Users/raulgm/Developer/Zoem/Zoem/dataconnect`
 {"metadata":{"emulator":{"name":"dataconnect"},"message":"E0605 14:56:05.255946   55312 watch.go:40] Failed to load config from \"/Users/raulgm/Developer/Zoem/Zoem/dataconnect\": could not find dataconnect.yaml in `/Users/raulgm/Developer/Zoem/Zoem/dataconnect`\n"}}
[debug] [2026-06-05T11:56:15.256Z] E0605 14:56:15.255765   55312 watch.go:40] Failed to load config from "/Users/raulgm/Developer/Zoem/Zoem/dataconnect": could not find dataconnect.yaml in `/Users/raulgm/Developer/Zoem/Zoem/dataconnect`
 {"metadata":{"emulator":{"name":"dataconnect"},"message":"E0605 14:56:15.255765   55312 watch.go:40] Failed to load config from \"/Users/raulgm/Developer/Zoem/Zoem/dataconnect\": could not find dataconnect.yaml in `/Users/raulgm/Developer/Zoem/Zoem/dataconnect`\n"}}
[debug] [2026-06-05T11:56:25.255Z] E0605 14:56:25.255644   55312 watch.go:40] Failed to load config from "/Users/raulgm/Developer/Zoem/Zoem/dataconnect": could not find dataconnect.yaml in `/Users/raulgm/Developer/Zoem/Zoem/dataconnect`
 {"metadata":{"emulator":{"name":"dataconnect"},"message":"E0605 14:56:25.255644   55312 watch.go:40] Failed to load config from \"/Users/raulgm/Developer/Zoem/Zoem/dataconnect\": could not find dataconnect.yaml in `/Users/raulgm/Developer/Zoem/Zoem/dataconnect`\n"}}
[debug] [2026-06-05T11:56:35.255Z] E0605 14:56:35.255241   55312 watch.go:40] Failed to load config from "/Users/raulgm/Developer/Zoem/Zoem/dataconnect": could not find dataconnect.yaml in `/Users/raulgm/Developer/Zoem/Zoem/dataconnect`
E0605 14:56:35.255214   55312 watch.go:116] watchAllDir unable to walk dir `/Users/raulgm/Developer/Zoem/Zoem/dataconnect`: lstat /Users/raulgm/Developer/Zoem/Zoem/dataconnect: no such file or directory
 {"metadata":{"emulator":{"name":"dataconnect"},"message":"E0605 14:56:35.255241   55312 watch.go:40] Failed to load config from \"/Users/raulgm/Developer/Zoem/Zoem/dataconnect\": could not find dataconnect.yaml in `/Users/raulgm/Developer/Zoem/Zoem/dataconnect`\nE0605 14:56:35.255214   55312 watch.go:116] watchAllDir unable to walk dir `/Users/raulgm/Developer/Zoem/Zoem/dataconnect`: lstat /Users/raulgm/Developer/Zoem/Zoem/dataconnect: no such file or directory\n"}}
[debug] [2026-06-05T11:56:45.255Z] E0605 14:56:45.255244   55312 watch.go:40] Failed to load config from "/Users/raulgm/Developer/Zoem/Zoem/dataconnect": could not find dataconnect.yaml in `/Users/raulgm/Developer/Zoem/Zoem/dataconnect`
 {"metadata":{"emulator":{"name":"dataconnect"},"message":"E0605 14:56:45.255244   55312 watch.go:40] Failed to load config from \"/Users/raulgm/Developer/Zoem/Zoem/dataconnect\": could not find dataconnect.yaml in `/Users/raulgm/Developer/Zoem/Zoem/dataconnect`\n"}}
[debug] [2026-06-05T11:56:55.255Z] E0605 14:56:55.255077   55312 watch.go:40] Failed to load config from "/Users/raulgm/Developer/Zoem/Zoem/dataconnect": could not find dataconnect.yaml in `/Users/raulgm/Developer/Zoem/Zoem/dataconnect`
 {"metadata":{"emulator":{"name":"dataconnect"},"message":"E0605 14:56:55.255077   55312 watch.go:40] Failed to load config from \"/Users/raulgm/Developer/Zoem/Zoem/dataconnect\": could not find dataconnect.yaml in `/Users/raulgm/Developer/Zoem/Zoem/dataconnect`\n"}}
[debug] [2026-06-05T11:57:05.255Z] E0605 14:57:05.254864   55312 watch.go:40] Failed to load config from "/Users/raulgm/Developer/Zoem/Zoem/dataconnect": could not find dataconnect.yaml in `/Users/raulgm/Developer/Zoem/Zoem/dataconnect`
 {"metadata":{"emulator":{"name":"dataconnect"},"message":"E0605 14:57:05.254864   55312 watch.go:40] Failed to load config from \"/Users/raulgm/Developer/Zoem/Zoem/dataconnect\": could not find dataconnect.yaml in `/Users/raulgm/Developer/Zoem/Zoem/dataconnect`\n"}}
[debug] [2026-06-05T11:57:15.255Z] E0605 14:57:15.254743   55312 watch.go:40] Failed to load config from "/Users/raulgm/Developer/Zoem/Zoem/dataconnect": could not find dataconnect.yaml in `/Users/raulgm/Developer/Zoem/Zoem/dataconnect`
 {"metadata":{"emulator":{"name":"dataconnect"},"message":"E0605 14:57:15.254743   55312 watch.go:40] Failed to load config from \"/Users/raulgm/Developer/Zoem/Zoem/dataconnect\": could not find dataconnect.yaml in `/Users/raulgm/Developer/Zoem/Zoem/dataconnect`\n"}}
[debug] [2026-06-05T11:57:25.254Z] E0605 14:57:25.254593   55312 watch.go:40] Failed to load config from "/Users/raulgm/Developer/Zoem/Zoem/dataconnect": could not find dataconnect.yaml in `/Users/raulgm/Developer/Zoem/Zoem/dataconnect`
 {"metadata":{"emulator":{"name":"dataconnect"},"message":"E0605 14:57:25.254593   55312 watch.go:40] Failed to load config from \"/Users/raulgm/Developer/Zoem/Zoem/dataconnect\": could not find dataconnect.yaml in `/Users/raulgm/Developer/Zoem/Zoem/dataconnect`\n"}}
[debug] [2026-06-05T11:57:35.254Z] E0605 14:57:35.254632   55312 watch.go:116] watchAllDir unable to walk dir `/Users/raulgm/Developer/Zoem/Zoem/dataconnect`: lstat /Users/raulgm/Developer/Zoem/Zoem/dataconnect: no such file or directory
 {"metadata":{"emulator":{"name":"dataconnect"},"message":"E0605 14:57:35.254632   55312 watch.go:116] watchAllDir unable to walk dir `/Users/raulgm/Developer/Zoem/Zoem/dataconnect`: lstat /Users/raulgm/Developer/Zoem/Zoem/dataconnect: no such file or directory\n"}}
[debug] [2026-06-05T11:57:35.255Z] E0605 14:57:35.255830   55312 watch.go:40] Failed to load config from "/Users/raulgm/Developer/Zoem/Zoem/dataconnect": could not find dataconnect.yaml in `/Users/raulgm/Developer/Zoem/Zoem/dataconnect`
 {"metadata":{"emulator":{"name":"dataconnect"},"message":"E0605 14:57:35.255830   55312 watch.go:40] Failed to load config from \"/Users/raulgm/Developer/Zoem/Zoem/dataconnect\": could not find dataconnect.yaml in `/Users/raulgm/Developer/Zoem/Zoem/dataconnect`\n"}}
[debug] [2026-06-05T11:57:45.254Z] E0605 14:57:45.254348   55312 watch.go:40] Failed to load config from "/Users/raulgm/Developer/Zoem/Zoem/dataconnect": could not find dataconnect.yaml in `/Users/raulgm/Developer/Zoem/Zoem/dataconnect`
 {"metadata":{"emulator":{"name":"dataconnect"},"message":"E0605 14:57:45.254348   55312 watch.go:40] Failed to load config from \"/Users/raulgm/Developer/Zoem/Zoem/dataconnect\": could not find dataconnect.yaml in `/Users/raulgm/Developer/Zoem/Zoem/dataconnect`\n"}}
[debug] [2026-06-05T11:57:55.254Z] E0605 14:57:55.254170   55312 watch.go:40] Failed to load config from "/Users/raulgm/Developer/Zoem/Zoem/dataconnect": could not find dataconnect.yaml in `/Users/raulgm/Developer/Zoem/Zoem/dataconnect`
 {"metadata":{"emulator":{"name":"dataconnect"},"message":"E0605 14:57:55.254170   55312 watch.go:40] Failed to load config from \"/Users/raulgm/Developer/Zoem/Zoem/dataconnect\": could not find dataconnect.yaml in `/Users/raulgm/Developer/Zoem/Zoem/dataconnect`\n"}}
[debug] [2026-06-05T11:58:05.254Z] E0605 14:58:05.253873   55312 watch.go:40] Failed to load config from "/Users/raulgm/Developer/Zoem/Zoem/dataconnect": could not find dataconnect.yaml in `/Users/raulgm/Developer/Zoem/Zoem/dataconnect`
 {"metadata":{"emulator":{"name":"dataconnect"},"message":"E0605 14:58:05.253873   55312 watch.go:40] Failed to load config from \"/Users/raulgm/Developer/Zoem/Zoem/dataconnect\": could not find dataconnect.yaml in `/Users/raulgm/Developer/Zoem/Zoem/dataconnect`\n"}}
[debug] [2026-06-05T11:58:15.254Z] E0605 14:58:15.253735   55312 watch.go:40] Failed to load config from "/Users/raulgm/Developer/Zoem/Zoem/dataconnect": could not find dataconnect.yaml in `/Users/raulgm/Developer/Zoem/Zoem/dataconnect`
 {"metadata":{"emulator":{"name":"dataconnect"},"message":"E0605 14:58:15.253735   55312 watch.go:40] Failed to load config from \"/Users/raulgm/Developer/Zoem/Zoem/dataconnect\": could not find dataconnect.yaml in `/Users/raulgm/Developer/Zoem/Zoem/dataconnect`\n"}}
[debug] [2026-06-05T11:58:25.253Z] E0605 14:58:25.253486   55312 watch.go:40] Failed to load config from "/Users/raulgm/Developer/Zoem/Zoem/dataconnect": could not find dataconnect.yaml in `/Users/raulgm/Developer/Zoem/Zoem/dataconnect`
 {"metadata":{"emulator":{"name":"dataconnect"},"message":"E0605 14:58:25.253486   55312 watch.go:40] Failed to load config from \"/Users/raulgm/Developer/Zoem/Zoem/dataconnect\": could not find dataconnect.yaml in `/Users/raulgm/Developer/Zoem/Zoem/dataconnect`\n"}}
[debug] [2026-06-05T11:58:35.253Z] E0605 14:58:35.253253   55312 watch.go:40] Failed to load config from "/Users/raulgm/Developer/Zoem/Zoem/dataconnect": could not find dataconnect.yaml in `/Users/raulgm/Developer/Zoem/Zoem/dataconnect`
E0605 14:58:35.253224   55312 watch.go:116] watchAllDir unable to walk dir `/Users/raulgm/Developer/Zoem/Zoem/dataconnect`: lstat /Users/raulgm/Developer/Zoem/Zoem/dataconnect: no such file or directory
 {"metadata":{"emulator":{"name":"dataconnect"},"message":"E0605 14:58:35.253253   55312 watch.go:40] Failed to load config from \"/Users/raulgm/Developer/Zoem/Zoem/dataconnect\": could not find dataconnect.yaml in `/Users/raulgm/Developer/Zoem/Zoem/dataconnect`\nE0605 14:58:35.253224   55312 watch.go:116] watchAllDir unable to walk dir `/Users/raulgm/Developer/Zoem/Zoem/dataconnect`: lstat /Users/raulgm/Developer/Zoem/Zoem/dataconnect: no such file or directory\n"}}
[debug] [2026-06-05T11:58:45.253Z] E0605 14:58:45.253272   55312 watch.go:40] Failed to load config from "/Users/raulgm/Developer/Zoem/Zoem/dataconnect": could not find dataconnect.yaml in `/Users/raulgm/Developer/Zoem/Zoem/dataconnect`
 {"metadata":{"emulator":{"name":"dataconnect"},"message":"E0605 14:58:45.253272   55312 watch.go:40] Failed to load config from \"/Users/raulgm/Developer/Zoem/Zoem/dataconnect\": could not find dataconnect.yaml in `/Users/raulgm/Developer/Zoem/Zoem/dataconnect`\n"}}
[debug] [2026-06-05T11:58:55.253Z] E0605 14:58:55.252983   55312 watch.go:40] Failed to load config from "/Users/raulgm/Developer/Zoem/Zoem/dataconnect": could not find dataconnect.yaml in `/Users/raulgm/Developer/Zoem/Zoem/dataconnect`
 {"metadata":{"emulator":{"name":"dataconnect"},"message":"E0605 14:58:55.252983   55312 watch.go:40] Failed to load config from \"/Users/raulgm/Developer/Zoem/Zoem/dataconnect\": could not find dataconnect.yaml in `/Users/raulgm/Developer/Zoem/Zoem/dataconnect`\n"}}
[debug] [2026-06-05T11:59:05.253Z] E0605 14:59:05.252883   55312 watch.go:40] Failed to load config from "/Users/raulgm/Developer/Zoem/Zoem/dataconnect": could not find dataconnect.yaml in `/Users/raulgm/Developer/Zoem/Zoem/dataconnect`
 {"metadata":{"emulator":{"name":"dataconnect"},"message":"E0605 14:59:05.252883   55312 watch.go:40] Failed to load config from \"/Users/raulgm/Developer/Zoem/Zoem/dataconnect\": could not find dataconnect.yaml in `/Users/raulgm/Developer/Zoem/Zoem/dataconnect`\n"}}
[debug] [2026-06-05T11:59:15.253Z] E0605 14:59:15.252725   55312 watch.go:40] Failed to load config from "/Users/raulgm/Developer/Zoem/Zoem/dataconnect": could not find dataconnect.yaml in `/Users/raulgm/Developer/Zoem/Zoem/dataconnect`
 {"metadata":{"emulator":{"name":"dataconnect"},"message":"E0605 14:59:15.252725   55312 watch.go:40] Failed to load config from \"/Users/raulgm/Developer/Zoem/Zoem/dataconnect\": could not find dataconnect.yaml in `/Users/raulgm/Developer/Zoem/Zoem/dataconnect`\n"}}
[info] [Firebase Plugin] Stopping SQL Connect toolkit
[warn] ⚠  SQL Connect Emulator has exited upon receiving signal: SIGINT 
[debug] [2026-06-05T12:00:26.658Z] [Firebase Plugin] Activating Firebase extension.
[debug] [2026-06-05T12:00:27.594Z] [Firebase Plugin] requireAuthWrapper
[debug] [2026-06-05T12:00:27.595Z] > command requires scopes: ["email","openid","https://www.googleapis.com/auth/cloudplatformprojects.readonly","https://www.googleapis.com/auth/firebase","https://www.googleapis.com/auth/cloud-platform"]
[debug] [2026-06-05T12:00:27.595Z] > authorizing via signed-in user (apaladario@gmail.com)
[debug] [2026-06-05T12:00:27.596Z] Checked if tokens are valid: true, expires at: 1780664085481
[debug] [2026-06-05T12:00:27.596Z] Checked if tokens are valid: true, expires at: 1780664085481
[debug] [2026-06-05T12:00:27.596Z] [Firebase Plugin] User found:  apaladario@gmail.com
[info] [Firebase Plugin] (Core:Project) New user detected, fetching projects
[debug] [2026-06-05T12:00:27.596Z] Checked if tokens are valid: true, expires at: 1780664085481
[debug] [2026-06-05T12:00:27.597Z] >>> [apiv2][query] GET https://firebase.googleapis.com/v1beta1/projects pageSize=1000
[info] [Firebase Plugin] Starting SQL Connect toolkit (version 3.4.10) on port 50001
[debug] [2026-06-05T12:00:27.741Z] 'fdc build' failed with error: Unable to build your SQL Connect schema and connectors (exit code 1): E0605 15:00:27.740604   57267 cmd.go:43] Error loading data connect config: could not find dataconnect.yaml in `/Users/raulgm/Developer/Zoem/Zoem/dataconnect`
 {"metadata":{"emulator":{"name":"dataconnect"},"message":"'fdc build' failed with error: Unable to build your SQL Connect schema and connectors (exit code 1): E0605 15:00:27.740604   57267 cmd.go:43] Error loading data connect config: could not find dataconnect.yaml in `/Users/raulgm/Developer/Zoem/Zoem/dataconnect`\n"}}
[debug] [2026-06-05T12:00:27.741Z] Ignoring unsupported arg: auto_download {"metadata":{"emulator":{"name":"dataconnect"},"message":"Ignoring unsupported arg: auto_download"}}
[debug] [2026-06-05T12:00:27.742Z] Ignoring unsupported arg: port {"metadata":{"emulator":{"name":"dataconnect"},"message":"Ignoring unsupported arg: port"}}
[debug] [2026-06-05T12:00:27.742Z] Starting SQL Connect Emulator with command {"binary":"/Users/raulgm/.cache/firebase/emulators/dataconnect-emulator-3.4.10","args":["--logtostderr","-v=2","dev","--listen=localhost:50001","--config_dir=/Users/raulgm/Developer/Zoem/Zoem/dataconnect","--enable_output_schema_extensions=true","--enable_output_generated_sdk=true"],"optionalArgs":["listen","config_dir","enable_output_schema_extensions","enable_output_generated_sdk"],"joinArgs":true,"shell":false,"port":9399} {"metadata":{"emulator":{"name":"dataconnect"},"message":"Starting SQL Connect Emulator with command {\"binary\":\"/Users/raulgm/.cache/firebase/emulators/dataconnect-emulator-3.4.10\",\"args\":[\"--logtostderr\",\"-v=2\",\"dev\",\"--listen=localhost:50001\",\"--config_dir=/Users/raulgm/Developer/Zoem/Zoem/dataconnect\",\"--enable_output_schema_extensions=true\",\"--enable_output_generated_sdk=true\"],\"optionalArgs\":[\"listen\",\"config_dir\",\"enable_output_schema_extensions\",\"enable_output_generated_sdk\"],\"joinArgs\":true,\"shell\":false,\"port\":9399}"}}
[info] i  dataconnect: SQL Connect Emulator logging to dataconnect-debug.log {"metadata":{"emulator":{"name":"dataconnect"},"message":"SQL Connect Emulator logging to dataconnect-debug.log"}}
[debug] [2026-06-05T12:00:27.788Z] E0605 15:00:27.756680   57270 dev.go:83] Failed to load initial config from "/Users/raulgm/Developer/Zoem/Zoem/dataconnect": could not find dataconnect.yaml in `/Users/raulgm/Developer/Zoem/Zoem/dataconnect`
E0605 15:00:27.756845   57270 watch.go:116] watchAllDir unable to walk dir `/Users/raulgm/Developer/Zoem/Zoem/dataconnect`: lstat /Users/raulgm/Developer/Zoem/Zoem/dataconnect: no such file or directory
I0605 15:00:27.757455   57270 dev.go:104] Listening on address (HTTP + gRPC): 127.0.0.1:50001
 {"metadata":{"emulator":{"name":"dataconnect"},"message":"E0605 15:00:27.756680   57270 dev.go:83] Failed to load initial config from \"/Users/raulgm/Developer/Zoem/Zoem/dataconnect\": could not find dataconnect.yaml in `/Users/raulgm/Developer/Zoem/Zoem/dataconnect`\nE0605 15:00:27.756845   57270 watch.go:116] watchAllDir unable to walk dir `/Users/raulgm/Developer/Zoem/Zoem/dataconnect`: lstat /Users/raulgm/Developer/Zoem/Zoem/dataconnect: no such file or directory\nI0605 15:00:27.757455   57270 dev.go:104] Listening on address (HTTP + gRPC): 127.0.0.1:50001\n"}}
[error] [Firebase Plugin] error:  {}
[debug] [2026-06-05T12:00:28.259Z] <<< [apiv2][status] GET https://firebase.googleapis.com/v1beta1/projects 200
[debug] [2026-06-05T12:00:28.259Z] <<< [apiv2][body] GET https://firebase.googleapis.com/v1beta1/projects [omitted]
[debug] [2026-06-05T12:00:37.758Z] E0605 15:00:37.758103   57270 watch.go:40] Failed to load config from "/Users/raulgm/Developer/Zoem/Zoem/dataconnect": could not find dataconnect.yaml in `/Users/raulgm/Developer/Zoem/Zoem/dataconnect`
 {"metadata":{"emulator":{"name":"dataconnect"},"message":"E0605 15:00:37.758103   57270 watch.go:40] Failed to load config from \"/Users/raulgm/Developer/Zoem/Zoem/dataconnect\": could not find dataconnect.yaml in `/Users/raulgm/Developer/Zoem/Zoem/dataconnect`\n"}}
[debug] [2026-06-05T12:00:47.757Z] E0605 15:00:47.757639   57270 watch.go:40] Failed to load config from "/Users/raulgm/Developer/Zoem/Zoem/dataconnect": could not find dataconnect.yaml in `/Users/raulgm/Developer/Zoem/Zoem/dataconnect`
 {"metadata":{"emulator":{"name":"dataconnect"},"message":"E0605 15:00:47.757639   57270 watch.go:40] Failed to load config from \"/Users/raulgm/Developer/Zoem/Zoem/dataconnect\": could not find dataconnect.yaml in `/Users/raulgm/Developer/Zoem/Zoem/dataconnect`\n"}}
[debug] [2026-06-05T12:00:57.757Z] E0605 15:00:57.757174   57270 watch.go:40] Failed to load config from "/Users/raulgm/Developer/Zoem/Zoem/dataconnect": could not find dataconnect.yaml in `/Users/raulgm/Developer/Zoem/Zoem/dataconnect`
 {"metadata":{"emulator":{"name":"dataconnect"},"message":"E0605 15:00:57.757174   57270 watch.go:40] Failed to load config from \"/Users/raulgm/Developer/Zoem/Zoem/dataconnect\": could not find dataconnect.yaml in `/Users/raulgm/Developer/Zoem/Zoem/dataconnect`\n"}}
[debug] [2026-06-05T12:01:07.757Z] E0605 15:01:07.757551   57270 watch.go:40] Failed to load config from "/Users/raulgm/Developer/Zoem/Zoem/dataconnect": could not find dataconnect.yaml in `/Users/raulgm/Developer/Zoem/Zoem/dataconnect`
 {"metadata":{"emulator":{"name":"dataconnect"},"message":"E0605 15:01:07.757551   57270 watch.go:40] Failed to load config from \"/Users/raulgm/Developer/Zoem/Zoem/dataconnect\": could not find dataconnect.yaml in `/Users/raulgm/Developer/Zoem/Zoem/dataconnect`\n"}}
[debug] [2026-06-05T12:01:17.757Z] E0605 15:01:17.757353   57270 watch.go:40] Failed to load config from "/Users/raulgm/Developer/Zoem/Zoem/dataconnect": could not find dataconnect.yaml in `/Users/raulgm/Developer/Zoem/Zoem/dataconnect`
 {"metadata":{"emulator":{"name":"dataconnect"},"message":"E0605 15:01:17.757353   57270 watch.go:40] Failed to load config from \"/Users/raulgm/Developer/Zoem/Zoem/dataconnect\": could not find dataconnect.yaml in `/Users/raulgm/Developer/Zoem/Zoem/dataconnect`\n"}}
[debug] [2026-06-05T12:01:27.757Z] E0605 15:01:27.756595   57270 watch.go:116] watchAllDir unable to walk dir `/Users/raulgm/Developer/Zoem/Zoem/dataconnect`: lstat /Users/raulgm/Developer/Zoem/Zoem/dataconnect: no such file or directory
E0605 15:01:27.756700   57270 watch.go:40] Failed to load config from "/Users/raulgm/Developer/Zoem/Zoem/dataconnect": could not find dataconnect.yaml in `/Users/raulgm/Developer/Zoem/Zoem/dataconnect`
 {"metadata":{"emulator":{"name":"dataconnect"},"message":"E0605 15:01:27.756595   57270 watch.go:116] watchAllDir unable to walk dir `/Users/raulgm/Developer/Zoem/Zoem/dataconnect`: lstat /Users/raulgm/Developer/Zoem/Zoem/dataconnect: no such file or directory\nE0605 15:01:27.756700   57270 watch.go:40] Failed to load config from \"/Users/raulgm/Developer/Zoem/Zoem/dataconnect\": could not find dataconnect.yaml in `/Users/raulgm/Developer/Zoem/Zoem/dataconnect`\n"}}
[debug] [2026-06-05T12:01:37.757Z] E0605 15:01:37.757021   57270 watch.go:40] Failed to load config from "/Users/raulgm/Developer/Zoem/Zoem/dataconnect": could not find dataconnect.yaml in `/Users/raulgm/Developer/Zoem/Zoem/dataconnect`
 {"metadata":{"emulator":{"name":"dataconnect"},"message":"E0605 15:01:37.757021   57270 watch.go:40] Failed to load config from \"/Users/raulgm/Developer/Zoem/Zoem/dataconnect\": could not find dataconnect.yaml in `/Users/raulgm/Developer/Zoem/Zoem/dataconnect`\n"}}
[debug] [2026-06-05T12:01:47.757Z] E0605 15:01:47.757263   57270 watch.go:40] Failed to load config from "/Users/raulgm/Developer/Zoem/Zoem/dataconnect": could not find dataconnect.yaml in `/Users/raulgm/Developer/Zoem/Zoem/dataconnect`
 {"metadata":{"emulator":{"name":"dataconnect"},"message":"E0605 15:01:47.757263   57270 watch.go:40] Failed to load config from \"/Users/raulgm/Developer/Zoem/Zoem/dataconnect\": could not find dataconnect.yaml in `/Users/raulgm/Developer/Zoem/Zoem/dataconnect`\n"}}
[debug] [2026-06-05T12:01:57.756Z] E0605 15:01:57.756358   57270 watch.go:40] Failed to load config from "/Users/raulgm/Developer/Zoem/Zoem/dataconnect": could not find dataconnect.yaml in `/Users/raulgm/Developer/Zoem/Zoem/dataconnect`
 {"metadata":{"emulator":{"name":"dataconnect"},"message":"E0605 15:01:57.756358   57270 watch.go:40] Failed to load config from \"/Users/raulgm/Developer/Zoem/Zoem/dataconnect\": could not find dataconnect.yaml in `/Users/raulgm/Developer/Zoem/Zoem/dataconnect`\n"}}
[debug] [2026-06-05T12:02:07.756Z] E0605 15:02:07.756578   57270 watch.go:40] Failed to load config from "/Users/raulgm/Developer/Zoem/Zoem/dataconnect": could not find dataconnect.yaml in `/Users/raulgm/Developer/Zoem/Zoem/dataconnect`
 {"metadata":{"emulator":{"name":"dataconnect"},"message":"E0605 15:02:07.756578   57270 watch.go:40] Failed to load config from \"/Users/raulgm/Developer/Zoem/Zoem/dataconnect\": could not find dataconnect.yaml in `/Users/raulgm/Developer/Zoem/Zoem/dataconnect`\n"}}
[debug] [2026-06-05T12:02:17.756Z] E0605 15:02:17.756297   57270 watch.go:40] Failed to load config from "/Users/raulgm/Developer/Zoem/Zoem/dataconnect": could not find dataconnect.yaml in `/Users/raulgm/Developer/Zoem/Zoem/dataconnect`
 {"metadata":{"emulator":{"name":"dataconnect"},"message":"E0605 15:02:17.756297   57270 watch.go:40] Failed to load config from \"/Users/raulgm/Developer/Zoem/Zoem/dataconnect\": could not find dataconnect.yaml in `/Users/raulgm/Developer/Zoem/Zoem/dataconnect`\n"}}
[debug] [2026-06-05T12:02:27.756Z] E0605 15:02:27.755803   57270 watch.go:40] Failed to load config from "/Users/raulgm/Developer/Zoem/Zoem/dataconnect": could not find dataconnect.yaml in `/Users/raulgm/Developer/Zoem/Zoem/dataconnect`
E0605 15:02:27.755759   57270 watch.go:116] watchAllDir unable to walk dir `/Users/raulgm/Developer/Zoem/Zoem/dataconnect`: lstat /Users/raulgm/Developer/Zoem/Zoem/dataconnect: no such file or directory
 {"metadata":{"emulator":{"name":"dataconnect"},"message":"E0605 15:02:27.755803   57270 watch.go:40] Failed to load config from \"/Users/raulgm/Developer/Zoem/Zoem/dataconnect\": could not find dataconnect.yaml in `/Users/raulgm/Developer/Zoem/Zoem/dataconnect`\nE0605 15:02:27.755759   57270 watch.go:116] watchAllDir unable to walk dir `/Users/raulgm/Developer/Zoem/Zoem/dataconnect`: lstat /Users/raulgm/Developer/Zoem/Zoem/dataconnect: no such file or directory\n"}}
[debug] [2026-06-05T12:02:37.755Z] E0605 15:02:37.755676   57270 watch.go:40] Failed to load config from "/Users/raulgm/Developer/Zoem/Zoem/dataconnect": could not find dataconnect.yaml in `/Users/raulgm/Developer/Zoem/Zoem/dataconnect`
 {"metadata":{"emulator":{"name":"dataconnect"},"message":"E0605 15:02:37.755676   57270 watch.go:40] Failed to load config from \"/Users/raulgm/Developer/Zoem/Zoem/dataconnect\": could not find dataconnect.yaml in `/Users/raulgm/Developer/Zoem/Zoem/dataconnect`\n"}}
[debug] [2026-06-05T12:02:47.756Z] E0605 15:02:47.755898   57270 watch.go:40] Failed to load config from "/Users/raulgm/Developer/Zoem/Zoem/dataconnect": could not find dataconnect.yaml in `/Users/raulgm/Developer/Zoem/Zoem/dataconnect`
 {"metadata":{"emulator":{"name":"dataconnect"},"message":"E0605 15:02:47.755898   57270 watch.go:40] Failed to load config from \"/Users/raulgm/Developer/Zoem/Zoem/dataconnect\": could not find dataconnect.yaml in `/Users/raulgm/Developer/Zoem/Zoem/dataconnect`\n"}}
[debug] [2026-06-05T12:02:57.755Z] E0605 15:02:57.755375   57270 watch.go:40] Failed to load config from "/Users/raulgm/Developer/Zoem/Zoem/dataconnect": could not find dataconnect.yaml in `/Users/raulgm/Developer/Zoem/Zoem/dataconnect`
 {"metadata":{"emulator":{"name":"dataconnect"},"message":"E0605 15:02:57.755375   57270 watch.go:40] Failed to load config from \"/Users/raulgm/Developer/Zoem/Zoem/dataconnect\": could not find dataconnect.yaml in `/Users/raulgm/Developer/Zoem/Zoem/dataconnect`\n"}}
[debug] [2026-06-05T12:03:07.755Z] E0605 15:03:07.755530   57270 watch.go:40] Failed to load config from "/Users/raulgm/Developer/Zoem/Zoem/dataconnect": could not find dataconnect.yaml in `/Users/raulgm/Developer/Zoem/Zoem/dataconnect`
 {"metadata":{"emulator":{"name":"dataconnect"},"message":"E0605 15:03:07.755530   57270 watch.go:40] Failed to load config from \"/Users/raulgm/Developer/Zoem/Zoem/dataconnect\": could not find dataconnect.yaml in `/Users/raulgm/Developer/Zoem/Zoem/dataconnect`\n"}}
[debug] [2026-06-05T12:03:17.755Z] E0605 15:03:17.755351   57270 watch.go:40] Failed to load config from "/Users/raulgm/Developer/Zoem/Zoem/dataconnect": could not find dataconnect.yaml in `/Users/raulgm/Developer/Zoem/Zoem/dataconnect`
 {"metadata":{"emulator":{"name":"dataconnect"},"message":"E0605 15:03:17.755351   57270 watch.go:40] Failed to load config from \"/Users/raulgm/Developer/Zoem/Zoem/dataconnect\": could not find dataconnect.yaml in `/Users/raulgm/Developer/Zoem/Zoem/dataconnect`\n"}}
[debug] [2026-06-05T12:03:27.755Z] E0605 15:03:27.754765   57270 watch.go:116] watchAllDir unable to walk dir `/Users/raulgm/Developer/Zoem/Zoem/dataconnect`: lstat /Users/raulgm/Developer/Zoem/Zoem/dataconnect: no such file or directory
E0605 15:03:27.754810   57270 watch.go:40] Failed to load config from "/Users/raulgm/Developer/Zoem/Zoem/dataconnect": could not find dataconnect.yaml in `/Users/raulgm/Developer/Zoem/Zoem/dataconnect`
 {"metadata":{"emulator":{"name":"dataconnect"},"message":"E0605 15:03:27.754765   57270 watch.go:116] watchAllDir unable to walk dir `/Users/raulgm/Developer/Zoem/Zoem/dataconnect`: lstat /Users/raulgm/Developer/Zoem/Zoem/dataconnect: no such file or directory\nE0605 15:03:27.754810   57270 watch.go:40] Failed to load config from \"/Users/raulgm/Developer/Zoem/Zoem/dataconnect\": could not find dataconnect.yaml in `/Users/raulgm/Developer/Zoem/Zoem/dataconnect`\n"}}
[debug] [2026-06-05T12:03:37.755Z] E0605 15:03:37.755049   57270 watch.go:40] Failed to load config from "/Users/raulgm/Developer/Zoem/Zoem/dataconnect": could not find dataconnect.yaml in `/Users/raulgm/Developer/Zoem/Zoem/dataconnect`
 {"metadata":{"emulator":{"name":"dataconnect"},"message":"E0605 15:03:37.755049   57270 watch.go:40] Failed to load config from \"/Users/raulgm/Developer/Zoem/Zoem/dataconnect\": could not find dataconnect.yaml in `/Users/raulgm/Developer/Zoem/Zoem/dataconnect`\n"}}
[debug] [2026-06-05T12:03:47.754Z] E0605 15:03:47.754370   57270 watch.go:40] Failed to load config from "/Users/raulgm/Developer/Zoem/Zoem/dataconnect": could not find dataconnect.yaml in `/Users/raulgm/Developer/Zoem/Zoem/dataconnect`
 {"metadata":{"emulator":{"name":"dataconnect"},"message":"E0605 15:03:47.754370   57270 watch.go:40] Failed to load config from \"/Users/raulgm/Developer/Zoem/Zoem/dataconnect\": could not find dataconnect.yaml in `/Users/raulgm/Developer/Zoem/Zoem/dataconnect`\n"}}
[debug] [2026-06-05T12:03:57.754Z] E0605 15:03:57.754269   57270 watch.go:40] Failed to load config from "/Users/raulgm/Developer/Zoem/Zoem/dataconnect": could not find dataconnect.yaml in `/Users/raulgm/Developer/Zoem/Zoem/dataconnect`
 {"metadata":{"emulator":{"name":"dataconnect"},"message":"E0605 15:03:57.754269   57270 watch.go:40] Failed to load config from \"/Users/raulgm/Developer/Zoem/Zoem/dataconnect\": could not find dataconnect.yaml in `/Users/raulgm/Developer/Zoem/Zoem/dataconnect`\n"}}
[debug] [2026-06-05T12:04:07.754Z] E0605 15:04:07.754538   57270 watch.go:40] Failed to load config from "/Users/raulgm/Developer/Zoem/Zoem/dataconnect": could not find dataconnect.yaml in `/Users/raulgm/Developer/Zoem/Zoem/dataconnect`
 {"metadata":{"emulator":{"name":"dataconnect"},"message":"E0605 15:04:07.754538   57270 watch.go:40] Failed to load config from \"/Users/raulgm/Developer/Zoem/Zoem/dataconnect\": could not find dataconnect.yaml in `/Users/raulgm/Developer/Zoem/Zoem/dataconnect`\n"}}
[debug] [2026-06-05T12:04:17.754Z] E0605 15:04:17.754361   57270 watch.go:40] Failed to load config from "/Users/raulgm/Developer/Zoem/Zoem/dataconnect": could not find dataconnect.yaml in `/Users/raulgm/Developer/Zoem/Zoem/dataconnect`
 {"metadata":{"emulator":{"name":"dataconnect"},"message":"E0605 15:04:17.754361   57270 watch.go:40] Failed to load config from \"/Users/raulgm/Developer/Zoem/Zoem/dataconnect\": could not find dataconnect.yaml in `/Users/raulgm/Developer/Zoem/Zoem/dataconnect`\n"}}
[debug] [2026-06-05T12:04:27.753Z] E0605 15:04:27.753440   57270 watch.go:116] watchAllDir unable to walk dir `/Users/raulgm/Developer/Zoem/Zoem/dataconnect`: lstat /Users/raulgm/Developer/Zoem/Zoem/dataconnect: no such file or directory
E0605 15:04:27.753471   57270 watch.go:40] Failed to load config from "/Users/raulgm/Developer/Zoem/Zoem/dataconnect": could not find dataconnect.yaml in `/Users/raulgm/Developer/Zoem/Zoem/dataconnect`
 {"metadata":{"emulator":{"name":"dataconnect"},"message":"E0605 15:04:27.753440   57270 watch.go:116] watchAllDir unable to walk dir `/Users/raulgm/Developer/Zoem/Zoem/dataconnect`: lstat /Users/raulgm/Developer/Zoem/Zoem/dataconnect: no such file or directory\nE0605 15:04:27.753471   57270 watch.go:40] Failed to load config from \"/Users/raulgm/Developer/Zoem/Zoem/dataconnect\": could not find dataconnect.yaml in `/Users/raulgm/Developer/Zoem/Zoem/dataconnect`\n"}}
[debug] [2026-06-05T12:04:37.754Z] E0605 15:04:37.754007   57270 watch.go:40] Failed to load config from "/Users/raulgm/Developer/Zoem/Zoem/dataconnect": could not find dataconnect.yaml in `/Users/raulgm/Developer/Zoem/Zoem/dataconnect`
 {"metadata":{"emulator":{"name":"dataconnect"},"message":"E0605 15:04:37.754007   57270 watch.go:40] Failed to load config from \"/Users/raulgm/Developer/Zoem/Zoem/dataconnect\": could not find dataconnect.yaml in `/Users/raulgm/Developer/Zoem/Zoem/dataconnect`\n"}}
[debug] [2026-06-05T12:04:47.754Z] E0605 15:04:47.754067   57270 watch.go:40] Failed to load config from "/Users/raulgm/Developer/Zoem/Zoem/dataconnect": could not find dataconnect.yaml in `/Users/raulgm/Developer/Zoem/Zoem/dataconnect`
 {"metadata":{"emulator":{"name":"dataconnect"},"message":"E0605 15:04:47.754067   57270 watch.go:40] Failed to load config from \"/Users/raulgm/Developer/Zoem/Zoem/dataconnect\": could not find dataconnect.yaml in `/Users/raulgm/Developer/Zoem/Zoem/dataconnect`\n"}}
[debug] [2026-06-05T12:04:57.753Z] E0605 15:04:57.753386   57270 watch.go:40] Failed to load config from "/Users/raulgm/Developer/Zoem/Zoem/dataconnect": could not find dataconnect.yaml in `/Users/raulgm/Developer/Zoem/Zoem/dataconnect`
 {"metadata":{"emulator":{"name":"dataconnect"},"message":"E0605 15:04:57.753386   57270 watch.go:40] Failed to load config from \"/Users/raulgm/Developer/Zoem/Zoem/dataconnect\": could not find dataconnect.yaml in `/Users/raulgm/Developer/Zoem/Zoem/dataconnect`\n"}}
[debug] [2026-06-05T12:05:07.753Z] E0605 15:05:07.753069   57270 watch.go:40] Failed to load config from "/Users/raulgm/Developer/Zoem/Zoem/dataconnect": could not find dataconnect.yaml in `/Users/raulgm/Developer/Zoem/Zoem/dataconnect`
 {"metadata":{"emulator":{"name":"dataconnect"},"message":"E0605 15:05:07.753069   57270 watch.go:40] Failed to load config from \"/Users/raulgm/Developer/Zoem/Zoem/dataconnect\": could not find dataconnect.yaml in `/Users/raulgm/Developer/Zoem/Zoem/dataconnect`\n"}}
[debug] [2026-06-05T12:05:17.753Z] E0605 15:05:17.753277   57270 watch.go:40] Failed to load config from "/Users/raulgm/Developer/Zoem/Zoem/dataconnect": could not find dataconnect.yaml in `/Users/raulgm/Developer/Zoem/Zoem/dataconnect`
 {"metadata":{"emulator":{"name":"dataconnect"},"message":"E0605 15:05:17.753277   57270 watch.go:40] Failed to load config from \"/Users/raulgm/Developer/Zoem/Zoem/dataconnect\": could not find dataconnect.yaml in `/Users/raulgm/Developer/Zoem/Zoem/dataconnect`\n"}}
[debug] [2026-06-05T12:05:27.753Z] E0605 15:05:27.752784   57270 watch.go:116] watchAllDir unable to walk dir `/Users/raulgm/Developer/Zoem/Zoem/dataconnect`: lstat /Users/raulgm/Developer/Zoem/Zoem/dataconnect: no such file or directory
E0605 15:05:27.752832   57270 watch.go:40] Failed to load config from "/Users/raulgm/Developer/Zoem/Zoem/dataconnect": could not find dataconnect.yaml in `/Users/raulgm/Developer/Zoem/Zoem/dataconnect`
 {"metadata":{"emulator":{"name":"dataconnect"},"message":"E0605 15:05:27.752784   57270 watch.go:116] watchAllDir unable to walk dir `/Users/raulgm/Developer/Zoem/Zoem/dataconnect`: lstat /Users/raulgm/Developer/Zoem/Zoem/dataconnect: no such file or directory\nE0605 15:05:27.752832   57270 watch.go:40] Failed to load config from \"/Users/raulgm/Developer/Zoem/Zoem/dataconnect\": could not find dataconnect.yaml in `/Users/raulgm/Developer/Zoem/Zoem/dataconnect`\n"}}
[debug] [2026-06-05T12:05:37.752Z] E0605 15:05:37.752486   57270 watch.go:40] Failed to load config from "/Users/raulgm/Developer/Zoem/Zoem/dataconnect": could not find dataconnect.yaml in `/Users/raulgm/Developer/Zoem/Zoem/dataconnect`
 {"metadata":{"emulator":{"name":"dataconnect"},"message":"E0605 15:05:37.752486   57270 watch.go:40] Failed to load config from \"/Users/raulgm/Developer/Zoem/Zoem/dataconnect\": could not find dataconnect.yaml in `/Users/raulgm/Developer/Zoem/Zoem/dataconnect`\n"}}
[debug] [2026-06-05T12:05:47.753Z] E0605 15:05:47.752929   57270 watch.go:40] Failed to load config from "/Users/raulgm/Developer/Zoem/Zoem/dataconnect": could not find dataconnect.yaml in `/Users/raulgm/Developer/Zoem/Zoem/dataconnect`
 {"metadata":{"emulator":{"name":"dataconnect"},"message":"E0605 15:05:47.752929   57270 watch.go:40] Failed to load config from \"/Users/raulgm/Developer/Zoem/Zoem/dataconnect\": could not find dataconnect.yaml in `/Users/raulgm/Developer/Zoem/Zoem/dataconnect`\n"}}
[debug] [2026-06-05T12:05:57.752Z] E0605 15:05:57.752335   57270 watch.go:40] Failed to load config from "/Users/raulgm/Developer/Zoem/Zoem/dataconnect": could not find dataconnect.yaml in `/Users/raulgm/Developer/Zoem/Zoem/dataconnect`
 {"metadata":{"emulator":{"name":"dataconnect"},"message":"E0605 15:05:57.752335   57270 watch.go:40] Failed to load config from \"/Users/raulgm/Developer/Zoem/Zoem/dataconnect\": could not find dataconnect.yaml in `/Users/raulgm/Developer/Zoem/Zoem/dataconnect`\n"}}
[debug] [2026-06-05T12:06:07.752Z] E0605 15:06:07.752189   57270 watch.go:40] Failed to load config from "/Users/raulgm/Developer/Zoem/Zoem/dataconnect": could not find dataconnect.yaml in `/Users/raulgm/Developer/Zoem/Zoem/dataconnect`
 {"metadata":{"emulator":{"name":"dataconnect"},"message":"E0605 15:06:07.752189   57270 watch.go:40] Failed to load config from \"/Users/raulgm/Developer/Zoem/Zoem/dataconnect\": could not find dataconnect.yaml in `/Users/raulgm/Developer/Zoem/Zoem/dataconnect`\n"}}
[debug] [2026-06-05T12:06:17.752Z] E0605 15:06:17.752433   57270 watch.go:40] Failed to load config from "/Users/raulgm/Developer/Zoem/Zoem/dataconnect": could not find dataconnect.yaml in `/Users/raulgm/Developer/Zoem/Zoem/dataconnect`
 {"metadata":{"emulator":{"name":"dataconnect"},"message":"E0605 15:06:17.752433   57270 watch.go:40] Failed to load config from \"/Users/raulgm/Developer/Zoem/Zoem/dataconnect\": could not find dataconnect.yaml in `/Users/raulgm/Developer/Zoem/Zoem/dataconnect`\n"}}
[debug] [2026-06-05T12:06:27.751Z] E0605 15:06:27.751657   57270 watch.go:116] watchAllDir unable to walk dir `/Users/raulgm/Developer/Zoem/Zoem/dataconnect`: lstat /Users/raulgm/Developer/Zoem/Zoem/dataconnect: no such file or directory
E0605 15:06:27.751673   57270 watch.go:40] Failed to load config from "/Users/raulgm/Developer/Zoem/Zoem/dataconnect": could not find dataconnect.yaml in `/Users/raulgm/Developer/Zoem/Zoem/dataconnect`
 {"metadata":{"emulator":{"name":"dataconnect"},"message":"E0605 15:06:27.751657   57270 watch.go:116] watchAllDir unable to walk dir `/Users/raulgm/Developer/Zoem/Zoem/dataconnect`: lstat /Users/raulgm/Developer/Zoem/Zoem/dataconnect: no such file or directory\nE0605 15:06:27.751673   57270 watch.go:40] Failed to load config from \"/Users/raulgm/Developer/Zoem/Zoem/dataconnect\": could not find dataconnect.yaml in `/Users/raulgm/Developer/Zoem/Zoem/dataconnect`\n"}}
[debug] [2026-06-05T12:06:37.751Z] E0605 15:06:37.751853   57270 watch.go:40] Failed to load config from "/Users/raulgm/Developer/Zoem/Zoem/dataconnect": could not find dataconnect.yaml in `/Users/raulgm/Developer/Zoem/Zoem/dataconnect`
 {"metadata":{"emulator":{"name":"dataconnect"},"message":"E0605 15:06:37.751853   57270 watch.go:40] Failed to load config from \"/Users/raulgm/Developer/Zoem/Zoem/dataconnect\": could not find dataconnect.yaml in `/Users/raulgm/Developer/Zoem/Zoem/dataconnect`\n"}}
[debug] [2026-06-05T12:06:47.752Z] E0605 15:06:47.751767   57270 watch.go:40] Failed to load config from "/Users/raulgm/Developer/Zoem/Zoem/dataconnect": could not find dataconnect.yaml in `/Users/raulgm/Developer/Zoem/Zoem/dataconnect`
 {"metadata":{"emulator":{"name":"dataconnect"},"message":"E0605 15:06:47.751767   57270 watch.go:40] Failed to load config from \"/Users/raulgm/Developer/Zoem/Zoem/dataconnect\": could not find dataconnect.yaml in `/Users/raulgm/Developer/Zoem/Zoem/dataconnect`\n"}}
[debug] [2026-06-05T12:06:57.751Z] E0605 15:06:57.751306   57270 watch.go:40] Failed to load config from "/Users/raulgm/Developer/Zoem/Zoem/dataconnect": could not find dataconnect.yaml in `/Users/raulgm/Developer/Zoem/Zoem/dataconnect`
 {"metadata":{"emulator":{"name":"dataconnect"},"message":"E0605 15:06:57.751306   57270 watch.go:40] Failed to load config from \"/Users/raulgm/Developer/Zoem/Zoem/dataconnect\": could not find dataconnect.yaml in `/Users/raulgm/Developer/Zoem/Zoem/dataconnect`\n"}}
[debug] [2026-06-05T12:07:07.751Z] E0605 15:07:07.751572   57270 watch.go:40] Failed to load config from "/Users/raulgm/Developer/Zoem/Zoem/dataconnect": could not find dataconnect.yaml in `/Users/raulgm/Developer/Zoem/Zoem/dataconnect`
 {"metadata":{"emulator":{"name":"dataconnect"},"message":"E0605 15:07:07.751572   57270 watch.go:40] Failed to load config from \"/Users/raulgm/Developer/Zoem/Zoem/dataconnect\": could not find dataconnect.yaml in `/Users/raulgm/Developer/Zoem/Zoem/dataconnect`\n"}}
[debug] [2026-06-05T12:07:17.750Z] E0605 15:07:17.750653   57270 watch.go:40] Failed to load config from "/Users/raulgm/Developer/Zoem/Zoem/dataconnect": could not find dataconnect.yaml in `/Users/raulgm/Developer/Zoem/Zoem/dataconnect`
 {"metadata":{"emulator":{"name":"dataconnect"},"message":"E0605 15:07:17.750653   57270 watch.go:40] Failed to load config from \"/Users/raulgm/Developer/Zoem/Zoem/dataconnect\": could not find dataconnect.yaml in `/Users/raulgm/Developer/Zoem/Zoem/dataconnect`\n"}}
[debug] [2026-06-05T12:07:27.750Z] E0605 15:07:27.750507   57270 watch.go:116] watchAllDir unable to walk dir `/Users/raulgm/Developer/Zoem/Zoem/dataconnect`: lstat /Users/raulgm/Developer/Zoem/Zoem/dataconnect: no such file or directory
E0605 15:07:27.750530   57270 watch.go:40] Failed to load config from "/Users/raulgm/Developer/Zoem/Zoem/dataconnect": could not find dataconnect.yaml in `/Users/raulgm/Developer/Zoem/Zoem/dataconnect`
 {"metadata":{"emulator":{"name":"dataconnect"},"message":"E0605 15:07:27.750507   57270 watch.go:116] watchAllDir unable to walk dir `/Users/raulgm/Developer/Zoem/Zoem/dataconnect`: lstat /Users/raulgm/Developer/Zoem/Zoem/dataconnect: no such file or directory\nE0605 15:07:27.750530   57270 watch.go:40] Failed to load config from \"/Users/raulgm/Developer/Zoem/Zoem/dataconnect\": could not find dataconnect.yaml in `/Users/raulgm/Developer/Zoem/Zoem/dataconnect`\n"}}
[debug] [2026-06-05T12:07:37.751Z] E0605 15:07:37.751019   57270 watch.go:40] Failed to load config from "/Users/raulgm/Developer/Zoem/Zoem/dataconnect": could not find dataconnect.yaml in `/Users/raulgm/Developer/Zoem/Zoem/dataconnect`
 {"metadata":{"emulator":{"name":"dataconnect"},"message":"E0605 15:07:37.751019   57270 watch.go:40] Failed to load config from \"/Users/raulgm/Developer/Zoem/Zoem/dataconnect\": could not find dataconnect.yaml in `/Users/raulgm/Developer/Zoem/Zoem/dataconnect`\n"}}
[debug] [2026-06-05T12:07:47.751Z] E0605 15:07:47.750869   57270 watch.go:40] Failed to load config from "/Users/raulgm/Developer/Zoem/Zoem/dataconnect": could not find dataconnect.yaml in `/Users/raulgm/Developer/Zoem/Zoem/dataconnect`
 {"metadata":{"emulator":{"name":"dataconnect"},"message":"E0605 15:07:47.750869   57270 watch.go:40] Failed to load config from \"/Users/raulgm/Developer/Zoem/Zoem/dataconnect\": could not find dataconnect.yaml in `/Users/raulgm/Developer/Zoem/Zoem/dataconnect`\n"}}
[debug] [2026-06-05T12:07:57.750Z] E0605 15:07:57.750094   57270 watch.go:40] Failed to load config from "/Users/raulgm/Developer/Zoem/Zoem/dataconnect": could not find dataconnect.yaml in `/Users/raulgm/Developer/Zoem/Zoem/dataconnect`
 {"metadata":{"emulator":{"name":"dataconnect"},"message":"E0605 15:07:57.750094   57270 watch.go:40] Failed to load config from \"/Users/raulgm/Developer/Zoem/Zoem/dataconnect\": could not find dataconnect.yaml in `/Users/raulgm/Developer/Zoem/Zoem/dataconnect`\n"}}
[debug] [2026-06-05T12:08:07.750Z] E0605 15:08:07.750552   57270 watch.go:40] Failed to load config from "/Users/raulgm/Developer/Zoem/Zoem/dataconnect": could not find dataconnect.yaml in `/Users/raulgm/Developer/Zoem/Zoem/dataconnect`
 {"metadata":{"emulator":{"name":"dataconnect"},"message":"E0605 15:08:07.750552   57270 watch.go:40] Failed to load config from \"/Users/raulgm/Developer/Zoem/Zoem/dataconnect\": could not find dataconnect.yaml in `/Users/raulgm/Developer/Zoem/Zoem/dataconnect`\n"}}
[debug] [2026-06-05T12:08:17.750Z] E0605 15:08:17.750325   57270 watch.go:40] Failed to load config from "/Users/raulgm/Developer/Zoem/Zoem/dataconnect": could not find dataconnect.yaml in `/Users/raulgm/Developer/Zoem/Zoem/dataconnect`
 {"metadata":{"emulator":{"name":"dataconnect"},"message":"E0605 15:08:17.750325   57270 watch.go:40] Failed to load config from \"/Users/raulgm/Developer/Zoem/Zoem/dataconnect\": could not find dataconnect.yaml in `/Users/raulgm/Developer/Zoem/Zoem/dataconnect`\n"}}
[debug] [2026-06-05T12:08:27.749Z] E0605 15:08:27.749786   57270 watch.go:40] Failed to load config from "/Users/raulgm/Developer/Zoem/Zoem/dataconnect": could not find dataconnect.yaml in `/Users/raulgm/Developer/Zoem/Zoem/dataconnect`
E0605 15:08:27.749746   57270 watch.go:116] watchAllDir unable to walk dir `/Users/raulgm/Developer/Zoem/Zoem/dataconnect`: lstat /Users/raulgm/Developer/Zoem/Zoem/dataconnect: no such file or directory
 {"metadata":{"emulator":{"name":"dataconnect"},"message":"E0605 15:08:27.749786   57270 watch.go:40] Failed to load config from \"/Users/raulgm/Developer/Zoem/Zoem/dataconnect\": could not find dataconnect.yaml in `/Users/raulgm/Developer/Zoem/Zoem/dataconnect`\nE0605 15:08:27.749746   57270 watch.go:116] watchAllDir unable to walk dir `/Users/raulgm/Developer/Zoem/Zoem/dataconnect`: lstat /Users/raulgm/Developer/Zoem/Zoem/dataconnect: no such file or directory\n"}}
[debug] [2026-06-05T12:08:37.750Z] E0605 15:08:37.750031   57270 watch.go:40] Failed to load config from "/Users/raulgm/Developer/Zoem/Zoem/dataconnect": could not find dataconnect.yaml in `/Users/raulgm/Developer/Zoem/Zoem/dataconnect`
 {"metadata":{"emulator":{"name":"dataconnect"},"message":"E0605 15:08:37.750031   57270 watch.go:40] Failed to load config from \"/Users/raulgm/Developer/Zoem/Zoem/dataconnect\": could not find dataconnect.yaml in `/Users/raulgm/Developer/Zoem/Zoem/dataconnect`\n"}}
[debug] [2026-06-05T12:08:47.750Z] E0605 15:08:47.749861   57270 watch.go:40] Failed to load config from "/Users/raulgm/Developer/Zoem/Zoem/dataconnect": could not find dataconnect.yaml in `/Users/raulgm/Developer/Zoem/Zoem/dataconnect`
 {"metadata":{"emulator":{"name":"dataconnect"},"message":"E0605 15:08:47.749861   57270 watch.go:40] Failed to load config from \"/Users/raulgm/Developer/Zoem/Zoem/dataconnect\": could not find dataconnect.yaml in `/Users/raulgm/Developer/Zoem/Zoem/dataconnect`\n"}}
[debug] [2026-06-05T12:08:57.675Z] E0605 15:08:57.674915   57270 watch.go:40] Failed to load config from "/Users/raulgm/Developer/Zoem/Zoem/dataconnect": could not find dataconnect.yaml in `/Users/raulgm/Developer/Zoem/Zoem/dataconnect`
 {"metadata":{"emulator":{"name":"dataconnect"},"message":"E0605 15:08:57.674915   57270 watch.go:40] Failed to load config from \"/Users/raulgm/Developer/Zoem/Zoem/dataconnect\": could not find dataconnect.yaml in `/Users/raulgm/Developer/Zoem/Zoem/dataconnect`\n"}}
[debug] [2026-06-05T12:09:07.676Z] E0605 15:09:07.675581   57270 watch.go:40] Failed to load config from "/Users/raulgm/Developer/Zoem/Zoem/dataconnect": could not find dataconnect.yaml in `/Users/raulgm/Developer/Zoem/Zoem/dataconnect`
 {"metadata":{"emulator":{"name":"dataconnect"},"message":"E0605 15:09:07.675581   57270 watch.go:40] Failed to load config from \"/Users/raulgm/Developer/Zoem/Zoem/dataconnect\": could not find dataconnect.yaml in `/Users/raulgm/Developer/Zoem/Zoem/dataconnect`\n"}}
[debug] [2026-06-05T12:09:17.675Z] E0605 15:09:17.675388   57270 watch.go:40] Failed to load config from "/Users/raulgm/Developer/Zoem/Zoem/dataconnect": could not find dataconnect.yaml in `/Users/raulgm/Developer/Zoem/Zoem/dataconnect`
 {"metadata":{"emulator":{"name":"dataconnect"},"message":"E0605 15:09:17.675388   57270 watch.go:40] Failed to load config from \"/Users/raulgm/Developer/Zoem/Zoem/dataconnect\": could not find dataconnect.yaml in `/Users/raulgm/Developer/Zoem/Zoem/dataconnect`\n"}}
[debug] [2026-06-05T12:09:27.674Z] E0605 15:09:27.674318   57270 watch.go:40] Failed to load config from "/Users/raulgm/Developer/Zoem/Zoem/dataconnect": could not find dataconnect.yaml in `/Users/raulgm/Developer/Zoem/Zoem/dataconnect`
E0605 15:09:27.674290   57270 watch.go:116] watchAllDir unable to walk dir `/Users/raulgm/Developer/Zoem/Zoem/dataconnect`: lstat /Users/raulgm/Developer/Zoem/Zoem/dataconnect: no such file or directory
 {"metadata":{"emulator":{"name":"dataconnect"},"message":"E0605 15:09:27.674318   57270 watch.go:40] Failed to load config from \"/Users/raulgm/Developer/Zoem/Zoem/dataconnect\": could not find dataconnect.yaml in `/Users/raulgm/Developer/Zoem/Zoem/dataconnect`\nE0605 15:09:27.674290   57270 watch.go:116] watchAllDir unable to walk dir `/Users/raulgm/Developer/Zoem/Zoem/dataconnect`: lstat /Users/raulgm/Developer/Zoem/Zoem/dataconnect: no such file or directory\n"}}
[debug] [2026-06-05T12:09:37.674Z] E0605 15:09:37.674687   57270 watch.go:40] Failed to load config from "/Users/raulgm/Developer/Zoem/Zoem/dataconnect": could not find dataconnect.yaml in `/Users/raulgm/Developer/Zoem/Zoem/dataconnect`
 {"metadata":{"emulator":{"name":"dataconnect"},"message":"E0605 15:09:37.674687   57270 watch.go:40] Failed to load config from \"/Users/raulgm/Developer/Zoem/Zoem/dataconnect\": could not find dataconnect.yaml in `/Users/raulgm/Developer/Zoem/Zoem/dataconnect`\n"}}
[debug] [2026-06-05T12:09:47.674Z] E0605 15:09:47.674432   57270 watch.go:40] Failed to load config from "/Users/raulgm/Developer/Zoem/Zoem/dataconnect": could not find dataconnect.yaml in `/Users/raulgm/Developer/Zoem/Zoem/dataconnect`
 {"metadata":{"emulator":{"name":"dataconnect"},"message":"E0605 15:09:47.674432   57270 watch.go:40] Failed to load config from \"/Users/raulgm/Developer/Zoem/Zoem/dataconnect\": could not find dataconnect.yaml in `/Users/raulgm/Developer/Zoem/Zoem/dataconnect`\n"}}
[debug] [2026-06-05T12:09:57.673Z] E0605 15:09:57.673443   57270 watch.go:40] Failed to load config from "/Users/raulgm/Developer/Zoem/Zoem/dataconnect": could not find dataconnect.yaml in `/Users/raulgm/Developer/Zoem/Zoem/dataconnect`
 {"metadata":{"emulator":{"name":"dataconnect"},"message":"E0605 15:09:57.673443   57270 watch.go:40] Failed to load config from \"/Users/raulgm/Developer/Zoem/Zoem/dataconnect\": could not find dataconnect.yaml in `/Users/raulgm/Developer/Zoem/Zoem/dataconnect`\n"}}
[debug] [2026-06-05T12:10:07.673Z] E0605 15:10:07.673340   57270 watch.go:40] Failed to load config from "/Users/raulgm/Developer/Zoem/Zoem/dataconnect": could not find dataconnect.yaml in `/Users/raulgm/Developer/Zoem/Zoem/dataconnect`
 {"metadata":{"emulator":{"name":"dataconnect"},"message":"E0605 15:10:07.673340   57270 watch.go:40] Failed to load config from \"/Users/raulgm/Developer/Zoem/Zoem/dataconnect\": could not find dataconnect.yaml in `/Users/raulgm/Developer/Zoem/Zoem/dataconnect`\n"}}
[debug] [2026-06-05T12:10:17.673Z] E0605 15:10:17.673500   57270 watch.go:40] Failed to load config from "/Users/raulgm/Developer/Zoem/Zoem/dataconnect": could not find dataconnect.yaml in `/Users/raulgm/Developer/Zoem/Zoem/dataconnect`
 {"metadata":{"emulator":{"name":"dataconnect"},"message":"E0605 15:10:17.673500   57270 watch.go:40] Failed to load config from \"/Users/raulgm/Developer/Zoem/Zoem/dataconnect\": could not find dataconnect.yaml in `/Users/raulgm/Developer/Zoem/Zoem/dataconnect`\n"}}
[debug] [2026-06-05T12:10:27.672Z] E0605 15:10:27.672738   57270 watch.go:116] watchAllDir unable to walk dir `/Users/raulgm/Developer/Zoem/Zoem/dataconnect`: lstat /Users/raulgm/Developer/Zoem/Zoem/dataconnect: no such file or directory
E0605 15:10:27.672767   57270 watch.go:40] Failed to load config from "/Users/raulgm/Developer/Zoem/Zoem/dataconnect": could not find dataconnect.yaml in `/Users/raulgm/Developer/Zoem/Zoem/dataconnect`
 {"metadata":{"emulator":{"name":"dataconnect"},"message":"E0605 15:10:27.672738   57270 watch.go:116] watchAllDir unable to walk dir `/Users/raulgm/Developer/Zoem/Zoem/dataconnect`: lstat /Users/raulgm/Developer/Zoem/Zoem/dataconnect: no such file or directory\nE0605 15:10:27.672767   57270 watch.go:40] Failed to load config from \"/Users/raulgm/Developer/Zoem/Zoem/dataconnect\": could not find dataconnect.yaml in `/Users/raulgm/Developer/Zoem/Zoem/dataconnect`\n"}}
[debug] [2026-06-05T12:10:37.672Z] E0605 15:10:37.672662   57270 watch.go:40] Failed to load config from "/Users/raulgm/Developer/Zoem/Zoem/dataconnect": could not find dataconnect.yaml in `/Users/raulgm/Developer/Zoem/Zoem/dataconnect`
 {"metadata":{"emulator":{"name":"dataconnect"},"message":"E0605 15:10:37.672662   57270 watch.go:40] Failed to load config from \"/Users/raulgm/Developer/Zoem/Zoem/dataconnect\": could not find dataconnect.yaml in `/Users/raulgm/Developer/Zoem/Zoem/dataconnect`\n"}}
[debug] [2026-06-05T12:10:47.672Z] E0605 15:10:47.672489   57270 watch.go:40] Failed to load config from "/Users/raulgm/Developer/Zoem/Zoem/dataconnect": could not find dataconnect.yaml in `/Users/raulgm/Developer/Zoem/Zoem/dataconnect`
 {"metadata":{"emulator":{"name":"dataconnect"},"message":"E0605 15:10:47.672489   57270 watch.go:40] Failed to load config from \"/Users/raulgm/Developer/Zoem/Zoem/dataconnect\": could not find dataconnect.yaml in `/Users/raulgm/Developer/Zoem/Zoem/dataconnect`\n"}}
[debug] [2026-06-05T12:10:57.672Z] E0605 15:10:57.671872   57270 watch.go:40] Failed to load config from "/Users/raulgm/Developer/Zoem/Zoem/dataconnect": could not find dataconnect.yaml in `/Users/raulgm/Developer/Zoem/Zoem/dataconnect`
 {"metadata":{"emulator":{"name":"dataconnect"},"message":"E0605 15:10:57.671872   57270 watch.go:40] Failed to load config from \"/Users/raulgm/Developer/Zoem/Zoem/dataconnect\": could not find dataconnect.yaml in `/Users/raulgm/Developer/Zoem/Zoem/dataconnect`\n"}}
[debug] [2026-06-05T12:11:07.672Z] E0605 15:11:07.671908   57270 watch.go:40] Failed to load config from "/Users/raulgm/Developer/Zoem/Zoem/dataconnect": could not find dataconnect.yaml in `/Users/raulgm/Developer/Zoem/Zoem/dataconnect`
 {"metadata":{"emulator":{"name":"dataconnect"},"message":"E0605 15:11:07.671908   57270 watch.go:40] Failed to load config from \"/Users/raulgm/Developer/Zoem/Zoem/dataconnect\": could not find dataconnect.yaml in `/Users/raulgm/Developer/Zoem/Zoem/dataconnect`\n"}}
[debug] [2026-06-05T12:11:17.672Z] E0605 15:11:17.671619   57270 watch.go:40] Failed to load config from "/Users/raulgm/Developer/Zoem/Zoem/dataconnect": could not find dataconnect.yaml in `/Users/raulgm/Developer/Zoem/Zoem/dataconnect`
 {"metadata":{"emulator":{"name":"dataconnect"},"message":"E0605 15:11:17.671619   57270 watch.go:40] Failed to load config from \"/Users/raulgm/Developer/Zoem/Zoem/dataconnect\": could not find dataconnect.yaml in `/Users/raulgm/Developer/Zoem/Zoem/dataconnect`\n"}}
[debug] [2026-06-05T12:11:27.671Z] E0605 15:11:27.670871   57270 watch.go:116] watchAllDir unable to walk dir `/Users/raulgm/Developer/Zoem/Zoem/dataconnect`: lstat /Users/raulgm/Developer/Zoem/Zoem/dataconnect: no such file or directory
E0605 15:11:27.670920   57270 watch.go:40] Failed to load config from "/Users/raulgm/Developer/Zoem/Zoem/dataconnect": could not find dataconnect.yaml in `/Users/raulgm/Developer/Zoem/Zoem/dataconnect`
 {"metadata":{"emulator":{"name":"dataconnect"},"message":"E0605 15:11:27.670871   57270 watch.go:116] watchAllDir unable to walk dir `/Users/raulgm/Developer/Zoem/Zoem/dataconnect`: lstat /Users/raulgm/Developer/Zoem/Zoem/dataconnect: no such file or directory\nE0605 15:11:27.670920   57270 watch.go:40] Failed to load config from \"/Users/raulgm/Developer/Zoem/Zoem/dataconnect\": could not find dataconnect.yaml in `/Users/raulgm/Developer/Zoem/Zoem/dataconnect`\n"}}
[debug] [2026-06-05T12:11:37.670Z] E0605 15:11:37.670179   57270 watch.go:40] Failed to load config from "/Users/raulgm/Developer/Zoem/Zoem/dataconnect": could not find dataconnect.yaml in `/Users/raulgm/Developer/Zoem/Zoem/dataconnect`
 {"metadata":{"emulator":{"name":"dataconnect"},"message":"E0605 15:11:37.670179   57270 watch.go:40] Failed to load config from \"/Users/raulgm/Developer/Zoem/Zoem/dataconnect\": could not find dataconnect.yaml in `/Users/raulgm/Developer/Zoem/Zoem/dataconnect`\n"}}
[debug] [2026-06-05T12:11:47.671Z] E0605 15:11:47.670656   57270 watch.go:40] Failed to load config from "/Users/raulgm/Developer/Zoem/Zoem/dataconnect": could not find dataconnect.yaml in `/Users/raulgm/Developer/Zoem/Zoem/dataconnect`
 {"metadata":{"emulator":{"name":"dataconnect"},"message":"E0605 15:11:47.670656   57270 watch.go:40] Failed to load config from \"/Users/raulgm/Developer/Zoem/Zoem/dataconnect\": could not find dataconnect.yaml in `/Users/raulgm/Developer/Zoem/Zoem/dataconnect`\n"}}
[debug] [2026-06-05T12:11:57.670Z] E0605 15:11:57.670086   57270 watch.go:40] Failed to load config from "/Users/raulgm/Developer/Zoem/Zoem/dataconnect": could not find dataconnect.yaml in `/Users/raulgm/Developer/Zoem/Zoem/dataconnect`
 {"metadata":{"emulator":{"name":"dataconnect"},"message":"E0605 15:11:57.670086   57270 watch.go:40] Failed to load config from \"/Users/raulgm/Developer/Zoem/Zoem/dataconnect\": could not find dataconnect.yaml in `/Users/raulgm/Developer/Zoem/Zoem/dataconnect`\n"}}
[debug] [2026-06-05T12:12:07.669Z] E0605 15:12:07.669048   57270 watch.go:40] Failed to load config from "/Users/raulgm/Developer/Zoem/Zoem/dataconnect": could not find dataconnect.yaml in `/Users/raulgm/Developer/Zoem/Zoem/dataconnect`
 {"metadata":{"emulator":{"name":"dataconnect"},"message":"E0605 15:12:07.669048   57270 watch.go:40] Failed to load config from \"/Users/raulgm/Developer/Zoem/Zoem/dataconnect\": could not find dataconnect.yaml in `/Users/raulgm/Developer/Zoem/Zoem/dataconnect`\n"}}
[debug] [2026-06-05T12:12:17.670Z] E0605 15:12:17.669783   57270 watch.go:40] Failed to load config from "/Users/raulgm/Developer/Zoem/Zoem/dataconnect": could not find dataconnect.yaml in `/Users/raulgm/Developer/Zoem/Zoem/dataconnect`
 {"metadata":{"emulator":{"name":"dataconnect"},"message":"E0605 15:12:17.669783   57270 watch.go:40] Failed to load config from \"/Users/raulgm/Developer/Zoem/Zoem/dataconnect\": could not find dataconnect.yaml in `/Users/raulgm/Developer/Zoem/Zoem/dataconnect`\n"}}
[debug] [2026-06-05T12:12:27.669Z] E0605 15:12:27.669066   57270 watch.go:40] Failed to load config from "/Users/raulgm/Developer/Zoem/Zoem/dataconnect": could not find dataconnect.yaml in `/Users/raulgm/Developer/Zoem/Zoem/dataconnect`
E0605 15:12:27.669028   57270 watch.go:116] watchAllDir unable to walk dir `/Users/raulgm/Developer/Zoem/Zoem/dataconnect`: lstat /Users/raulgm/Developer/Zoem/Zoem/dataconnect: no such file or directory
 {"metadata":{"emulator":{"name":"dataconnect"},"message":"E0605 15:12:27.669066   57270 watch.go:40] Failed to load config from \"/Users/raulgm/Developer/Zoem/Zoem/dataconnect\": could not find dataconnect.yaml in `/Users/raulgm/Developer/Zoem/Zoem/dataconnect`\nE0605 15:12:27.669028   57270 watch.go:116] watchAllDir unable to walk dir `/Users/raulgm/Developer/Zoem/Zoem/dataconnect`: lstat /Users/raulgm/Developer/Zoem/Zoem/dataconnect: no such file or directory\n"}}
[debug] [2026-06-05T12:12:37.669Z] E0605 15:12:37.669135   57270 watch.go:40] Failed to load config from "/Users/raulgm/Developer/Zoem/Zoem/dataconnect": could not find dataconnect.yaml in `/Users/raulgm/Developer/Zoem/Zoem/dataconnect`
 {"metadata":{"emulator":{"name":"dataconnect"},"message":"E0605 15:12:37.669135   57270 watch.go:40] Failed to load config from \"/Users/raulgm/Developer/Zoem/Zoem/dataconnect\": could not find dataconnect.yaml in `/Users/raulgm/Developer/Zoem/Zoem/dataconnect`\n"}}
[debug] [2026-06-05T12:12:47.669Z] E0605 15:12:47.668847   57270 watch.go:40] Failed to load config from "/Users/raulgm/Developer/Zoem/Zoem/dataconnect": could not find dataconnect.yaml in `/Users/raulgm/Developer/Zoem/Zoem/dataconnect`
 {"metadata":{"emulator":{"name":"dataconnect"},"message":"E0605 15:12:47.668847   57270 watch.go:40] Failed to load config from \"/Users/raulgm/Developer/Zoem/Zoem/dataconnect\": could not find dataconnect.yaml in `/Users/raulgm/Developer/Zoem/Zoem/dataconnect`\n"}}
[debug] [2026-06-05T12:12:57.667Z] E0605 15:12:57.667579   57270 watch.go:40] Failed to load config from "/Users/raulgm/Developer/Zoem/Zoem/dataconnect": could not find dataconnect.yaml in `/Users/raulgm/Developer/Zoem/Zoem/dataconnect`
 {"metadata":{"emulator":{"name":"dataconnect"},"message":"E0605 15:12:57.667579   57270 watch.go:40] Failed to load config from \"/Users/raulgm/Developer/Zoem/Zoem/dataconnect\": could not find dataconnect.yaml in `/Users/raulgm/Developer/Zoem/Zoem/dataconnect`\n"}}
[debug] [2026-06-05T12:13:07.668Z] E0605 15:13:07.668364   57270 watch.go:40] Failed to load config from "/Users/raulgm/Developer/Zoem/Zoem/dataconnect": could not find dataconnect.yaml in `/Users/raulgm/Developer/Zoem/Zoem/dataconnect`
 {"metadata":{"emulator":{"name":"dataconnect"},"message":"E0605 15:13:07.668364   57270 watch.go:40] Failed to load config from \"/Users/raulgm/Developer/Zoem/Zoem/dataconnect\": could not find dataconnect.yaml in `/Users/raulgm/Developer/Zoem/Zoem/dataconnect`\n"}}
[debug] [2026-06-05T12:13:17.668Z] E0605 15:13:17.667827   57270 watch.go:40] Failed to load config from "/Users/raulgm/Developer/Zoem/Zoem/dataconnect": could not find dataconnect.yaml in `/Users/raulgm/Developer/Zoem/Zoem/dataconnect`
 {"metadata":{"emulator":{"name":"dataconnect"},"message":"E0605 15:13:17.667827   57270 watch.go:40] Failed to load config from \"/Users/raulgm/Developer/Zoem/Zoem/dataconnect\": could not find dataconnect.yaml in `/Users/raulgm/Developer/Zoem/Zoem/dataconnect`\n"}}
[debug] [2026-06-05T12:13:27.667Z] E0605 15:13:27.667214   57270 watch.go:40] Failed to load config from "/Users/raulgm/Developer/Zoem/Zoem/dataconnect": could not find dataconnect.yaml in `/Users/raulgm/Developer/Zoem/Zoem/dataconnect`
E0605 15:13:27.667195   57270 watch.go:116] watchAllDir unable to walk dir `/Users/raulgm/Developer/Zoem/Zoem/dataconnect`: lstat /Users/raulgm/Developer/Zoem/Zoem/dataconnect: no such file or directory
 {"metadata":{"emulator":{"name":"dataconnect"},"message":"E0605 15:13:27.667214   57270 watch.go:40] Failed to load config from \"/Users/raulgm/Developer/Zoem/Zoem/dataconnect\": could not find dataconnect.yaml in `/Users/raulgm/Developer/Zoem/Zoem/dataconnect`\nE0605 15:13:27.667195   57270 watch.go:116] watchAllDir unable to walk dir `/Users/raulgm/Developer/Zoem/Zoem/dataconnect`: lstat /Users/raulgm/Developer/Zoem/Zoem/dataconnect: no such file or directory\n"}}
[debug] [2026-06-05T12:13:37.667Z] E0605 15:13:37.667090   57270 watch.go:40] Failed to load config from "/Users/raulgm/Developer/Zoem/Zoem/dataconnect": could not find dataconnect.yaml in `/Users/raulgm/Developer/Zoem/Zoem/dataconnect`
 {"metadata":{"emulator":{"name":"dataconnect"},"message":"E0605 15:13:37.667090   57270 watch.go:40] Failed to load config from \"/Users/raulgm/Developer/Zoem/Zoem/dataconnect\": could not find dataconnect.yaml in `/Users/raulgm/Developer/Zoem/Zoem/dataconnect`\n"}}
[debug] [2026-06-05T12:13:47.667Z] E0605 15:13:47.666980   57270 watch.go:40] Failed to load config from "/Users/raulgm/Developer/Zoem/Zoem/dataconnect": could not find dataconnect.yaml in `/Users/raulgm/Developer/Zoem/Zoem/dataconnect`
 {"metadata":{"emulator":{"name":"dataconnect"},"message":"E0605 15:13:47.666980   57270 watch.go:40] Failed to load config from \"/Users/raulgm/Developer/Zoem/Zoem/dataconnect\": could not find dataconnect.yaml in `/Users/raulgm/Developer/Zoem/Zoem/dataconnect`\n"}}
[debug] [2026-06-05T12:13:57.666Z] E0605 15:13:57.666339   57270 watch.go:40] Failed to load config from "/Users/raulgm/Developer/Zoem/Zoem/dataconnect": could not find dataconnect.yaml in `/Users/raulgm/Developer/Zoem/Zoem/dataconnect`
 {"metadata":{"emulator":{"name":"dataconnect"},"message":"E0605 15:13:57.666339   57270 watch.go:40] Failed to load config from \"/Users/raulgm/Developer/Zoem/Zoem/dataconnect\": could not find dataconnect.yaml in `/Users/raulgm/Developer/Zoem/Zoem/dataconnect`\n"}}
[debug] [2026-06-05T12:14:07.666Z] E0605 15:14:07.666318   57270 watch.go:40] Failed to load config from "/Users/raulgm/Developer/Zoem/Zoem/dataconnect": could not find dataconnect.yaml in `/Users/raulgm/Developer/Zoem/Zoem/dataconnect`
 {"metadata":{"emulator":{"name":"dataconnect"},"message":"E0605 15:14:07.666318   57270 watch.go:40] Failed to load config from \"/Users/raulgm/Developer/Zoem/Zoem/dataconnect\": could not find dataconnect.yaml in `/Users/raulgm/Developer/Zoem/Zoem/dataconnect`\n"}}
[debug] [2026-06-05T12:14:17.666Z] E0605 15:14:17.665967   57270 watch.go:40] Failed to load config from "/Users/raulgm/Developer/Zoem/Zoem/dataconnect": could not find dataconnect.yaml in `/Users/raulgm/Developer/Zoem/Zoem/dataconnect`
 {"metadata":{"emulator":{"name":"dataconnect"},"message":"E0605 15:14:17.665967   57270 watch.go:40] Failed to load config from \"/Users/raulgm/Developer/Zoem/Zoem/dataconnect\": could not find dataconnect.yaml in `/Users/raulgm/Developer/Zoem/Zoem/dataconnect`\n"}}
[debug] [2026-06-05T12:14:27.665Z] E0605 15:14:27.665289   57270 watch.go:116] watchAllDir unable to walk dir `/Users/raulgm/Developer/Zoem/Zoem/dataconnect`: lstat /Users/raulgm/Developer/Zoem/Zoem/dataconnect: no such file or directory
E0605 15:14:27.665357   57270 watch.go:40] Failed to load config from "/Users/raulgm/Developer/Zoem/Zoem/dataconnect": could not find dataconnect.yaml in `/Users/raulgm/Developer/Zoem/Zoem/dataconnect`
 {"metadata":{"emulator":{"name":"dataconnect"},"message":"E0605 15:14:27.665289   57270 watch.go:116] watchAllDir unable to walk dir `/Users/raulgm/Developer/Zoem/Zoem/dataconnect`: lstat /Users/raulgm/Developer/Zoem/Zoem/dataconnect: no such file or directory\nE0605 15:14:27.665357   57270 watch.go:40] Failed to load config from \"/Users/raulgm/Developer/Zoem/Zoem/dataconnect\": could not find dataconnect.yaml in `/Users/raulgm/Developer/Zoem/Zoem/dataconnect`\n"}}
[debug] [2026-06-05T12:14:37.665Z] E0605 15:14:37.665385   57270 watch.go:40] Failed to load config from "/Users/raulgm/Developer/Zoem/Zoem/dataconnect": could not find dataconnect.yaml in `/Users/raulgm/Developer/Zoem/Zoem/dataconnect`
 {"metadata":{"emulator":{"name":"dataconnect"},"message":"E0605 15:14:37.665385   57270 watch.go:40] Failed to load config from \"/Users/raulgm/Developer/Zoem/Zoem/dataconnect\": could not find dataconnect.yaml in `/Users/raulgm/Developer/Zoem/Zoem/dataconnect`\n"}}
[debug] [2026-06-05T12:14:47.664Z] E0605 15:14:47.664242   57270 watch.go:40] Failed to load config from "/Users/raulgm/Developer/Zoem/Zoem/dataconnect": could not find dataconnect.yaml in `/Users/raulgm/Developer/Zoem/Zoem/dataconnect`
 {"metadata":{"emulator":{"name":"dataconnect"},"message":"E0605 15:14:47.664242   57270 watch.go:40] Failed to load config from \"/Users/raulgm/Developer/Zoem/Zoem/dataconnect\": could not find dataconnect.yaml in `/Users/raulgm/Developer/Zoem/Zoem/dataconnect`\n"}}
[debug] [2026-06-05T12:14:57.664Z] E0605 15:14:57.663924   57270 watch.go:40] Failed to load config from "/Users/raulgm/Developer/Zoem/Zoem/dataconnect": could not find dataconnect.yaml in `/Users/raulgm/Developer/Zoem/Zoem/dataconnect`
 {"metadata":{"emulator":{"name":"dataconnect"},"message":"E0605 15:14:57.663924   57270 watch.go:40] Failed to load config from \"/Users/raulgm/Developer/Zoem/Zoem/dataconnect\": could not find dataconnect.yaml in `/Users/raulgm/Developer/Zoem/Zoem/dataconnect`\n"}}
[debug] [2026-06-05T12:15:07.664Z] E0605 15:15:07.664483   57270 watch.go:40] Failed to load config from "/Users/raulgm/Developer/Zoem/Zoem/dataconnect": could not find dataconnect.yaml in `/Users/raulgm/Developer/Zoem/Zoem/dataconnect`
 {"metadata":{"emulator":{"name":"dataconnect"},"message":"E0605 15:15:07.664483   57270 watch.go:40] Failed to load config from \"/Users/raulgm/Developer/Zoem/Zoem/dataconnect\": could not find dataconnect.yaml in `/Users/raulgm/Developer/Zoem/Zoem/dataconnect`\n"}}
[debug] [2026-06-05T12:15:17.665Z] E0605 15:15:17.664673   57270 watch.go:40] Failed to load config from "/Users/raulgm/Developer/Zoem/Zoem/dataconnect": could not find dataconnect.yaml in `/Users/raulgm/Developer/Zoem/Zoem/dataconnect`
 {"metadata":{"emulator":{"name":"dataconnect"},"message":"E0605 15:15:17.664673   57270 watch.go:40] Failed to load config from \"/Users/raulgm/Developer/Zoem/Zoem/dataconnect\": could not find dataconnect.yaml in `/Users/raulgm/Developer/Zoem/Zoem/dataconnect`\n"}}
[debug] [2026-06-05T12:15:27.663Z] E0605 15:15:27.663084   57270 watch.go:40] Failed to load config from "/Users/raulgm/Developer/Zoem/Zoem/dataconnect": could not find dataconnect.yaml in `/Users/raulgm/Developer/Zoem/Zoem/dataconnect`
E0605 15:15:27.663039   57270 watch.go:116] watchAllDir unable to walk dir `/Users/raulgm/Developer/Zoem/Zoem/dataconnect`: lstat /Users/raulgm/Developer/Zoem/Zoem/dataconnect: no such file or directory
 {"metadata":{"emulator":{"name":"dataconnect"},"message":"E0605 15:15:27.663084   57270 watch.go:40] Failed to load config from \"/Users/raulgm/Developer/Zoem/Zoem/dataconnect\": could not find dataconnect.yaml in `/Users/raulgm/Developer/Zoem/Zoem/dataconnect`\nE0605 15:15:27.663039   57270 watch.go:116] watchAllDir unable to walk dir `/Users/raulgm/Developer/Zoem/Zoem/dataconnect`: lstat /Users/raulgm/Developer/Zoem/Zoem/dataconnect: no such file or directory\n"}}
[debug] [2026-06-05T12:15:37.663Z] E0605 15:15:37.663567   57270 watch.go:40] Failed to load config from "/Users/raulgm/Developer/Zoem/Zoem/dataconnect": could not find dataconnect.yaml in `/Users/raulgm/Developer/Zoem/Zoem/dataconnect`
 {"metadata":{"emulator":{"name":"dataconnect"},"message":"E0605 15:15:37.663567   57270 watch.go:40] Failed to load config from \"/Users/raulgm/Developer/Zoem/Zoem/dataconnect\": could not find dataconnect.yaml in `/Users/raulgm/Developer/Zoem/Zoem/dataconnect`\n"}}
[debug] [2026-06-05T12:15:47.663Z] E0605 15:15:47.663320   57270 watch.go:40] Failed to load config from "/Users/raulgm/Developer/Zoem/Zoem/dataconnect": could not find dataconnect.yaml in `/Users/raulgm/Developer/Zoem/Zoem/dataconnect`
 {"metadata":{"emulator":{"name":"dataconnect"},"message":"E0605 15:15:47.663320   57270 watch.go:40] Failed to load config from \"/Users/raulgm/Developer/Zoem/Zoem/dataconnect\": could not find dataconnect.yaml in `/Users/raulgm/Developer/Zoem/Zoem/dataconnect`\n"}}
[debug] [2026-06-05T12:15:57.662Z] E0605 15:15:57.662260   57270 watch.go:40] Failed to load config from "/Users/raulgm/Developer/Zoem/Zoem/dataconnect": could not find dataconnect.yaml in `/Users/raulgm/Developer/Zoem/Zoem/dataconnect`
 {"metadata":{"emulator":{"name":"dataconnect"},"message":"E0605 15:15:57.662260   57270 watch.go:40] Failed to load config from \"/Users/raulgm/Developer/Zoem/Zoem/dataconnect\": could not find dataconnect.yaml in `/Users/raulgm/Developer/Zoem/Zoem/dataconnect`\n"}}
[debug] [2026-06-05T12:16:07.662Z] E0605 15:16:07.661752   57270 watch.go:40] Failed to load config from "/Users/raulgm/Developer/Zoem/Zoem/dataconnect": could not find dataconnect.yaml in `/Users/raulgm/Developer/Zoem/Zoem/dataconnect`
 {"metadata":{"emulator":{"name":"dataconnect"},"message":"E0605 15:16:07.661752   57270 watch.go:40] Failed to load config from \"/Users/raulgm/Developer/Zoem/Zoem/dataconnect\": could not find dataconnect.yaml in `/Users/raulgm/Developer/Zoem/Zoem/dataconnect`\n"}}
